ARM Linker, 5.03 [Build 76] [MDK-ARM Lite]

==============================================================================

Section Cross References

    startup.o(RESET) refers to startup.o(STACK) for StackMem
    startup.o(RESET) refers to uart.o(i.UART0_Handler) for UART0_Handler
    startup.o(RESET) refers to esp8266.o(i.UART1_Handler) for UART1_Handler
    startup.o(RESET) refers to entry.o(.ARM.Collect$$$$00000000) for __main
    main.o(i.ParseResponse) refers to strstr.o(.text) for strstr
    main.o(i.ParseResponse) refers to atoi.o(.text) for atoi
    main.o(i.ParseResponse) refers to main.o(i.deg2dir) for deg2dir
    main.o(i.ParseResponse) refers to esp8266.o(.bss) for ServerResponseBuffer
    main.o(i.ParseResponse) refers to main.o(.bss) for City
    main.o(i.ParseResponse) refers to main.o(.data) for WindDirection
    main.o(i.deg2dir) refers to dflti.o(.text) for __aeabi_i2d
    main.o(i.deg2dir) refers to cdrcmple.o(.text) for __aeabi_cdrcmple
    main.o(i.deg2dir) refers to cdcmple.o(.text) for __aeabi_cdcmple
    main.o(i.main) refers to startup.o(.text) for DisableInterrupts
    main.o(i.main) refers to pll.o(i.PLL_Init) for PLL_Init
    main.o(i.main) refers to nokia5110.o(i.Nokia5110_Init) for Nokia5110_Init
    main.o(i.main) refers to nokia5110.o(i.Nokia5110_Clear) for Nokia5110_Clear
    main.o(i.main) refers to nokia5110.o(i.Nokia5110_SetCursor) for Nokia5110_SetCursor
    main.o(i.main) refers to nokia5110.o(i.Nokia5110_OutString) for Nokia5110_OutString
    main.o(i.main) refers to main.o(i.delay) for delay
    main.o(i.main) refers to uart.o(i.Output_Init) for Output_Init
    main.o(i.main) refers to printf3.o(i.__0printf$3) for __2printf
    main.o(i.main) refers to esp8266.o(i.ESP8266_Init) for ESP8266_Init
    main.o(i.main) refers to esp8266.o(i.ESP8266_GetVersionNumber) for ESP8266_GetVersionNumber
    main.o(i.main) refers to esp8266.o(i.ESP8266_GetStatus) for ESP8266_GetStatus
    main.o(i.main) refers to esp8266.o(i.ESP8266_MakeTCPConnection) for ESP8266_MakeTCPConnection
    main.o(i.main) refers to esp8266.o(i.ESP8266_SendTCP) for ESP8266_SendTCP
    main.o(i.main) refers to main.o(i.ParseResponse) for ParseResponse
    main.o(i.main) refers to ctime.o(.text) for ctime
    main.o(i.main) refers to esp8266.o(i.ESP8266_CloseTCPConnection) for ESP8266_CloseTCPConnection
    main.o(i.main) refers to led.o(i.Board_Input) for Board_Input
    main.o(i.main) refers to main.o(.constdata) for .constdata
    main.o(i.main) refers to main.o(.data) for Fetch
    main.o(i.main) refers to main.o(.bss) for City
    main.o(i.main2) refers to startup.o(.text) for DisableInterrupts
    main.o(i.main2) refers to pll.o(i.PLL_Init) for PLL_Init
    main.o(i.main2) refers to led.o(i.LED_Init) for LED_Init
    main.o(i.main2) refers to uart.o(i.Output_Init) for Output_Init
    main.o(i.main2) refers to printf3.o(i.__0printf$3) for __2printf
    main.o(i.main2) refers to esp8266.o(i.ESP8266_InitUART) for ESP8266_InitUART
    main.o(i.main2) refers to esp8266.o(i.ESP8266_EnableRXInterrupt) for ESP8266_EnableRXInterrupt
    main.o(i.main2) refers to esp8266.o(i.ESP8266SendCommand) for ESP8266SendCommand
    main.o(i.main2) refers to uart.o(i.UART_InChar) for UART_InChar
    main.o(i.main2) refers to uart.o(i.UART_InCharNonBlock) for UART_InCharNonBlock
    main.o(i.main2) refers to esp8266.o(i.ESP8266_PrintChar) for ESP8266_PrintChar
    esp8266.o(i.DelayMsSearching) refers to esp8266.o(.data) for SearchFound
    esp8266.o(i.ESP8266FIFOtoBuffer) refers to uart.o(i.UART_OutCharNonBlock) for UART_OutCharNonBlock
    esp8266.o(i.ESP8266FIFOtoBuffer) refers to esp8266.o(i.SearchCheck) for SearchCheck
    esp8266.o(i.ESP8266FIFOtoBuffer) refers to esp8266.o(i.ServerResponseSearchCheck) for ServerResponseSearchCheck
    esp8266.o(i.ESP8266FIFOtoBuffer) refers to esp8266.o(.data) for ESP8266_EchoResponse
    esp8266.o(i.ESP8266FIFOtoBuffer) refers to esp8266.o(.bss) for RXBuffer
    esp8266.o(i.ESP8266ProcessInput) refers to strstr.o(.text) for strstr
    esp8266.o(i.ESP8266ProcessInput) refers to printf3.o(i.__0printf$3) for __2printf
    esp8266.o(i.ESP8266ProcessInput) refers to esp8266.o(.data) for ESP8266_PageRequested
    esp8266.o(i.ESP8266SendCommand) refers to esp8266.o(i.ESP8266_PrintChar) for ESP8266_PrintChar
    esp8266.o(i.ESP8266_CloseTCPConnection) refers to esp8266.o(i.SearchStart) for SearchStart
    esp8266.o(i.ESP8266_CloseTCPConnection) refers to esp8266.o(i.ESP8266SendCommand) for ESP8266SendCommand
    esp8266.o(i.ESP8266_CloseTCPConnection) refers to esp8266.o(i.DelayMsSearching) for DelayMsSearching
    esp8266.o(i.ESP8266_CloseTCPConnection) refers to esp8266.o(.data) for SearchFound
    esp8266.o(i.ESP8266_ConfigureAccessPoint) refers to esp8266.o(i.SearchStart) for SearchStart
    esp8266.o(i.ESP8266_ConfigureAccessPoint) refers to printf3.o(i.__0sprintf$3) for __2sprintf
[...]
    uart.o(i.RxFifo_Size) refers to uart.o(.data) for RxPutI
    uart.o(i.TxFifo_Get) refers to uart.o(.data) for TxPutI
    uart.o(i.TxFifo_Get) refers to uart.o(.bss) for TxFifo
    uart.o(i.TxFifo_Init) refers to startup.o(.text) for StartCritical
    uart.o(i.TxFifo_Init) refers to uart.o(.data) for TxGetI
    uart.o(i.TxFifo_Put) refers to uart.o(.data) for TxPutI
    uart.o(i.TxFifo_Put) refers to uart.o(.bss) for TxFifo
    uart.o(i.TxFifo_Size) refers to uart.o(.data) for TxPutI
    uart.o(i.UART0_Handler) refers to uart.o(i.copySoftwareToHardware) for copySoftwareToHardware
    uart.o(i.UART0_Handler) refers to uart.o(i.TxFifo_Size) for TxFifo_Size
    uart.o(i.UART0_Handler) refers to uart.o(i.copyHardwareToSoftware) for copyHardwareToSoftware
    uart.o(i.UART_InChar) refers to uart.o(i.RxFifo_Get) for RxFifo_Get
    uart.o(i.UART_InCharNonBlock) refers to uart.o(i.RxFifo_Get) for RxFifo_Get
    uart.o(i.UART_InString) refers to uart.o(i.UART_InChar) for UART_InChar
    uart.o(i.UART_InString) refers to uart.o(i.UART_OutChar) for UART_OutChar
    uart.o(i.UART_InUDec) refers to uart.o(i.UART_InChar) for UART_InChar
    uart.o(i.UART_InUDec) refers to uart.o(i.UART_OutChar) for UART_OutChar
    uart.o(i.UART_InUHex) refers to uart.o(i.UART_InChar) for UART_InChar
    uart.o(i.UART_InUHex) refers to uart.o(i.UART_OutChar) for UART_OutChar
    uart.o(i.UART_Init) refers to uart.o(i.RxFifo_Init) for RxFifo_Init
    uart.o(i.UART_Init) refers to uart.o(i.TxFifo_Init) for TxFifo_Init
    uart.o(i.UART_OutChar) refers to uart.o(i.TxFifo_Put) for TxFifo_Put
    uart.o(i.UART_OutChar) refers to uart.o(i.copySoftwareToHardware) for copySoftwareToHardware
    uart.o(i.UART_OutCharNonBlock) refers to uart.o(i.TxFifo_Put) for TxFifo_Put
    uart.o(i.UART_OutCharNonBlock) refers to uart.o(i.copySoftwareToHardware) for copySoftwareToHardware
    uart.o(i.UART_OutString) refers to uart.o(i.UART_OutChar) for UART_OutChar
    uart.o(i.UART_OutUDec) refers to uart.o(i.UART_OutChar) for UART_OutChar
    uart.o(i.UART_OutUHex) refers to uart.o(i.UART_OutChar) for UART_OutChar
    uart.o(i.copyHardwareToSoftware) refers to uart.o(i.RxFifo_Put) for RxFifo_Put
    uart.o(i.copyHardwareToSoftware) refers to uart.o(i.RxFifo_Size) for RxFifo_Size
    uart.o(i.copySoftwareToHardware) refers to uart.o(i.TxFifo_Get) for TxFifo_Get
    uart.o(i.copySoftwareToHardware) refers to uart.o(i.TxFifo_Size) for TxFifo_Size
    uart.o(i.fputc) refers to uart.o(i.UART_OutChar) for UART_OutChar
    nokia5110.o(i.Nokia5110_Clear) refers to nokia5110.o(i.lcdwrite) for lcdwrite
    nokia5110.o(i.Nokia5110_Clear) refers to nokia5110.o(i.Nokia5110_SetCursor) for Nokia5110_SetCursor
    nokia5110.o(i.Nokia5110_DrawFullImage) refers to nokia5110.o(i.Nokia5110_SetCursor) for Nokia5110_SetCursor
    nokia5110.o(i.Nokia5110_DrawFullImage) refers to nokia5110.o(i.lcdwrite) for lcdwrite
    nokia5110.o(i.Nokia5110_Init) refers to nokia5110.o(i.lcdwrite) for lcdwrite
    nokia5110.o(i.Nokia5110_OutChar) refers to nokia5110.o(i.lcdwrite) for lcdwrite
    nokia5110.o(i.Nokia5110_OutChar) refers to nokia5110.o(.constdata) for ASCII
    nokia5110.o(i.Nokia5110_OutString) refers to nokia5110.o(i.Nokia5110_OutChar) for Nokia5110_OutChar
    nokia5110.o(i.Nokia5110_OutUDec) refers to nokia5110.o(i.Nokia5110_OutString) for Nokia5110_OutString
    nokia5110.o(i.Nokia5110_OutUDec) refers to nokia5110.o(i.Nokia5110_OutChar) for Nokia5110_OutChar
    nokia5110.o(i.Nokia5110_SetCursor) refers to nokia5110.o(i.lcdwrite) for lcdwrite
    entry.o(.ARM.Collect$$$$00000000) refers (Special) to entry10a.o(.ARM.Collect$$$$0000000D) for __rt_final_cpp
    entry.o(.ARM.Collect$$$$00000000) refers (Special) to entry11a.o(.ARM.Collect$$$$0000000F) for __rt_final_exit
    entry.o(.ARM.Collect$$$$00000000) refers (Special) to entry7b.o(.ARM.Collect$$$$00000008) for _main_clock
    entry.o(.ARM.Collect$$$$00000000) refers (Special) to entry8b.o(.ARM.Collect$$$$0000000A) for _main_cpp_init
    entry.o(.ARM.Collect$$$$00000000) refers (Special) to entry9a.o(.ARM.Collect$$$$0000000B) for _main_init
    entry.o(.ARM.Collect$$$$00000000) refers (Special) to entry5.o(.ARM.Collect$$$$00000004) for _main_scatterload
    entry.o(.ARM.Collect$$$$00000000) refers (Special) to entry2.o(.ARM.Collect$$$$00000001) for _main_stk
    ctime.o(.text) refers to localtime.o(.text) for localtime
    ctime.o(.text) refers to asctime.o(.text) for asctime
    printfb.o(i.__0fprintf$bare) refers to printfb.o(i._printf_core) for _printf_core
    printfb.o(i.__0fprintf$bare) refers to uart.o(i.fputc) for fputc
    printfb.o(i.__0printf$bare) refers to printfb.o(i._printf_core) for _printf_core
    printfb.o(i.__0printf$bare) refers to uart.o(i.fputc) for fputc
    printfb.o(i.__0printf$bare) refers to stdout.o(.data) for __stdout
    printfb.o(i.__0snprintf$bare) refers to printfb.o(i._printf_core) for _printf_core
    printfb.o(i.__0snprintf$bare) refers to printfb.o(i._snputc) for _snputc
    printfb.o(i.__0sprintf$bare) refers to printfb.o(i._printf_core) for _printf_core
    printfb.o(i.__0sprintf$bare) refers to printfb.o(i._sputc) for _sputc
    printfb.o(i.__0vfprintf$bare) refers to printfb.o(i._printf_core) for _printf_core
    printfb.o(i.__0vfprintf$bare) refers to uart.o(i.fputc) for fputc
    printfb.o(i.__0vprintf$bare) refers to printfb.o(i._printf_core) for _printf_core
    printfb.o(i.__0vprintf$bare) refers to uart.o(i.fputc) for fputc
    printfb.o(i.__0vprintf$bare) refers to stdout.o(.data) for __stdout
    printfb.o(i.__0vsnprintf$bare) refers to printfb.o(i._printf_core) for _printf_core
    printfb.o(i.__0vsnprintf$bare) refers to printfb.o(i._snputc) for _snputc
    printfb.o(i.__0vsprintf$bare) refers to printfb.o(i._printf_core) for _printf_core
    printfb.o(i.__0vsprintf$bare) refers to printfb.o(i._sputc) for _sputc
    printf0.o(i.__0fprintf$0) refers to printf0.o(i._printf_core) for _printf_core
    printf0.o(i.__0fprintf$0) refers to uart.o(i.fputc) for fputc
    printf0.o(i.__0printf$0) refers to printf0.o(i._printf_core) for _printf_core
    printf0.o(i.__0printf$0) refers to uart.o(i.fputc) for fputc
    printf0.o(i.__0printf$0) refers to stdout.o(.data) for __stdout
    printf0.o(i.__0snprintf$0) refers to printf0.o(i._printf_core) for _printf_core
    printf0.o(i.__0snprintf$0) refers to printf0.o(i._snputc) for _snputc
    printf0.o(i.__0sprintf$0) refers to printf0.o(i._printf_core) for _printf_core
    printf0.o(i.__0sprintf$0) refers to printf0.o(i._sputc) for _sputc
    printf0.o(i.__0vfprintf$0) refers to printf0.o(i._printf_core) for _printf_core
    printf0.o(i.__0vfprintf$0) refers to uart.o(i.fputc) for fputc
    printf0.o(i.__0vprintf$0) refers to printf0.o(i._printf_core) for _printf_core
    printf0.o(i.__0vprintf$0) refers to uart.o(i.fputc) for fputc
    printf0.o(i.__0vprintf$0) refers to stdout.o(.data) for __stdout
    printf0.o(i.__0vsnprintf$0) refers to printf0.o(i._printf_core) for _printf_core
    printf0.o(i.__0vsnprintf$0) refers to printf0.o(i._snputc) for _snputc
    printf0.o(i.__0vsprintf$0) refers to printf0.o(i._printf_core) for _printf_core
    printf0.o(i.__0vsprintf$0) refers to printf0.o(i._sputc) for _sputc
    printf1.o(i.__0fprintf$1) refers to printf1.o(i._printf_core) for _printf_core
    printf1.o(i.__0fprintf$1) refers to uart.o(i.fputc) for fputc
    printf1.o(i.__0printf$1) refers to printf1.o(i._printf_core) for _printf_core
    printf1.o(i.__0printf$1) refers to uart.o(i.fputc) for fputc
    printf1.o(i.__0printf$1) refers to stdout.o(.data) for __stdout
    printf1.o(i.__0snprintf$1) refers to printf1.o(i._printf_core) for _printf_core
    printf1.o(i.__0snprintf$1) refers to printf1.o(i._snputc) for _snputc
    printf1.o(i.__0sprintf$1) refers to printf1.o(i._printf_core) for _printf_core
    printf1.o(i.__0sprintf$1) refers to printf1.o(i._sputc) for _sputc
    printf1.o(i.__0vfprintf$1) refers to printf1.o(i._printf_core) for _printf_core
    printf1.o(i.__0vfprintf$1) refers to uart.o(i.fputc) for fputc
    printf1.o(i.__0vprintf$1) refers to printf1.o(i._printf_core) for _printf_core
    printf1.o(i.__0vprintf$1) refers to uart.o(i.fputc) for fputc
    printf1.o(i.__0vprintf$1) refers to stdout.o(.data) for __stdout
    printf1.o(i.__0vsnprintf$1) refers to printf1.o(i._printf_core) for _printf_core
    printf1.o(i.__0vsnprintf$1) refers to printf1.o(i._snputc) for _snputc
    printf1.o(i.__0vsprintf$1) refers to printf1.o(i._printf_core) for _printf_core
    printf1.o(i.__0vsprintf$1) refers to printf1.o(i._sputc) for _sputc
    printf1.o(i._printf_core) refers to uidiv.o(.text) for __aeabi_uidivmod
    printf2.o(i.__0fprintf$2) refers to printf2.o(i._printf_core) for _printf_core
    printf2.o(i.__0fprintf$2) refers to uart.o(i.fputc) for fputc
    printf2.o(i.__0printf$2) refers to printf2.o(i._printf_core) for _printf_core
    printf2.o(i.__0printf$2) refers to uart.o(i.fputc) for fputc
    printf2.o(i.__0printf$2) refers to stdout.o(.data) for __stdout
    printf2.o(i.__0snprintf$2) refers to printf2.o(i._printf_core) for _printf_core
    printf2.o(i.__0snprintf$2) refers to printf2.o(i._snputc) for _snputc
    printf2.o(i.__0sprintf$2) refers to printf2.o(i._printf_core) for _printf_core
    printf2.o(i.__0sprintf$2) refers to printf2.o(i._sputc) for _sputc
    printf2.o(i.__0vfprintf$2) refers to printf2.o(i._printf_core) for _printf_core
    printf2.o(i.__0vfprintf$2) refers to uart.o(i.fputc) for fputc
    printf2.o(i.__0vprintf$2) refers to printf2.o(i._printf_core) for _printf_core
    printf2.o(i.__0vprintf$2) refers to uart.o(i.fputc) for fputc
    printf2.o(i.__0vprintf$2) refers to stdout.o(.data) for __stdout
    printf2.o(i.__0vsnprintf$2) refers to printf2.o(i._printf_core) for _printf_core
    printf2.o(i.__0vsnprintf$2) refers to printf2.o(i._snputc) for _snputc
    printf2.o(i.__0vsprintf$2) refers to printf2.o(i._printf_core) for _printf_core
    printf2.o(i.__0vsprintf$2) refers to printf2.o(i._sputc) for _sputc
    printf3.o(i.__0fprintf$3) refers to printf3.o(i._printf_core) for _printf_core
    printf3.o(i.__0fprintf$3) refers to uart.o(i.fputc) for fputc
    printf3.o(i.__0printf$3) refers to printf3.o(i._printf_core) for _printf_core
    printf3.o(i.__0printf$3) refers to uart.o(i.fputc) for fputc
    printf3.o(i.__0printf$3) refers to stdout.o(.data) for __stdout
    printf3.o(i.__0snprintf$3) refers to printf3.o(i._printf_core) for _printf_core
    printf3.o(i.__0snprintf$3) refers to printf3.o(i._snputc) for _snputc
    printf3.o(i.__0sprintf$3) refers to printf3.o(i._printf_core) for _printf_core
    printf3.o(i.__0sprintf$3) refers to printf3.o(i._sputc) for _sputc
    printf3.o(i.__0vfprintf$3) refers to printf3.o(i._printf_core) for _printf_core
    printf3.o(i.__0vfprintf$3) refers to uart.o(i.fputc) for fputc
    printf3.o(i.__0vprintf$3) refers to printf3.o(i._printf_core) for _printf_core
    printf3.o(i.__0vprintf$3) refers to uart.o(i.fputc) for fputc
    printf3.o(i.__0vprintf$3) refers to stdout.o(.data) for __stdout
    printf3.o(i.__0vsnprintf$3) refers to printf3.o(i._printf_core) for _printf_core
    printf3.o(i.__0vsnprintf$3) refers to printf3.o(i._snputc) for _snputc
    printf3.o(i.__0vsprintf$3) refers to printf3.o(i._printf_core) for _printf_core
    printf3.o(i.__0vsprintf$3) refers to printf3.o(i._sputc) for _sputc
    printf3.o(i._printf_core) refers to uidiv.o(.text) for __aeabi_uidivmod
    printf4.o(i.__0fprintf$4) refers to printf4.o(i._printf_core) for _printf_core
    printf4.o(i.__0fprintf$4) refers to uart.o(i.fputc) for fputc
    printf4.o(i.__0printf$4) refers to printf4.o(i._printf_core) for _printf_core
    printf4.o(i.__0printf$4) refers to uart.o(i.fputc) for fputc
    printf4.o(i.__0printf$4) refers to stdout.o(.data) for __stdout
    printf4.o(i.__0snprintf$4) refers to printf4.o(i._printf_core) for _printf_core
    printf4.o(i.__0snprintf$4) refers to printf4.o(i._snputc) for _snputc
    printf4.o(i.__0sprintf$4) refers to printf4.o(i._printf_core) for _printf_core
    printf4.o(i.__0sprintf$4) refers to printf4.o(i._sputc) for _sputc
    printf4.o(i.__0vfprintf$4) refers to printf4.o(i._printf_core) for _printf_core
    printf4.o(i.__0vfprintf$4) refers to uart.o(i.fputc) for fputc
    printf4.o(i.__0vprintf$4) refers to printf4.o(i._printf_core) for _printf_core
    printf4.o(i.__0vprintf$4) refers to uart.o(i.fputc) for fputc
    printf4.o(i.__0vprintf$4) refers to stdout.o(.data) for __stdout
    printf4.o(i.__0vsnprintf$4) refers to printf4.o(i._printf_core) for _printf_core
    printf4.o(i.__0vsnprintf$4) refers to printf4.o(i._snputc) for _snputc
    printf4.o(i.__0vsprintf$4) refers to printf4.o(i._printf_core) for _printf_core
    printf4.o(i.__0vsprintf$4) refers to printf4.o(i._sputc) for _sputc
    printf4.o(i._printf_core) refers to uldiv.o(.text) for __aeabi_uldivmod
    printf5.o(i.__0fprintf$5) refers to printf5.o(i._printf_core) for _printf_core
    printf5.o(i.__0fprintf$5) refers to uart.o(i.fputc) for fputc
    printf5.o(i.__0printf$5) refers to printf5.o(i._printf_core) for _printf_core
    printf5.o(i.__0printf$5) refers to uart.o(i.fputc) for fputc
    printf5.o(i.__0printf$5) refers to stdout.o(.data) for __stdout
    printf5.o(i.__0snprintf$5) refers to printf5.o(i._printf_core) for _printf_core
    printf5.o(i.__0snprintf$5) refers to printf5.o(i._snputc) for _snputc
    printf5.o(i.__0sprintf$5) refers to printf5.o(i._printf_core) for _printf_core
    printf5.o(i.__0sprintf$5) refers to printf5.o(i._sputc) for _sputc
    printf5.o(i.__0vfprintf$5) refers to printf5.o(i._printf_core) for _printf_core
    printf5.o(i.__0vfprintf$5) refers to uart.o(i.fputc) for fputc
    printf5.o(i.__0vprintf$5) refers to printf5.o(i._printf_core) for _printf_core
    printf5.o(i.__0vprintf$5) refers to uart.o(i.fputc) for fputc
    printf5.o(i.__0vprintf$5) refers to stdout.o(.data) for __stdout
    printf5.o(i.__0vsnprintf$5) refers to printf5.o(i._printf_core) for _printf_core
    printf5.o(i.__0vsnprintf$5) refers to printf5.o(i._snputc) for _snputc
    printf5.o(i.__0vsprintf$5) refers to printf5.o(i._printf_core) for _printf_core
    printf5.o(i.__0vsprintf$5) refers to printf5.o(i._sputc) for _sputc
    printf5.o(i._printf_core) refers to uldiv.o(.text) for __aeabi_uldivmod
    printf6.o(i.__0fprintf$6) refers to printf6.o(i._printf_core) for _printf_core
    printf6.o(i.__0fprintf$6) refers to uart.o(i.fputc) for fputc
    printf6.o(i.__0printf$6) refers to printf6.o(i._printf_core) for _printf_core
    printf6.o(i.__0printf$6) refers to uart.o(i.fputc) for fputc
    printf6.o(i.__0printf$6) refers to stdout.o(.data) for __stdout
    printf6.o(i.__0snprintf$6) refers to printf6.o(i._printf_core) for _printf_core
    printf6.o(i.__0snprintf$6) refers to printf6.o(i._snputc) for _snputc
    printf6.o(i.__0sprintf$6) refers to printf6.o(i._printf_core) for _printf_core
    printf6.o(i.__0sprintf$6) refers to printf6.o(i._sputc) for _sputc
    printf6.o(i.__0vfprintf$6) refers to printf6.o(i._printf_core) for _printf_core
    printf6.o(i.__0vfprintf$6) refers to uart.o(i.fputc) for fputc
    printf6.o(i.__0vprintf$6) refers to printf6.o(i._printf_core) for _printf_core
    printf6.o(i.__0vprintf$6) refers to uart.o(i.fputc) for fputc
    printf6.o(i.__0vprintf$6) refers to stdout.o(.data) for __stdout
    printf6.o(i.__0vsnprintf$6) refers to printf6.o(i._printf_core) for _printf_core
    printf6.o(i.__0vsnprintf$6) refers to printf6.o(i._snputc) for _snputc
    printf6.o(i.__0vsprintf$6) refers to printf6.o(i._printf_core) for _printf_core
    printf6.o(i.__0vsprintf$6) refers to printf6.o(i._sputc) for _sputc
    printf6.o(i._printf_core) refers to printf6.o(i._printf_pre_padding) for _printf_pre_padding
    printf6.o(i._printf_core) refers to uidiv.o(.text) for __aeabi_uidivmod
    printf6.o(i._printf_core) refers to printf6.o(i._printf_post_padding) for _printf_post_padding
    printf7.o(i.__0fprintf$7) refers to printf7.o(i._printf_core) for _printf_core
    printf7.o(i.__0fprintf$7) refers to uart.o(i.fputc) for fputc
    printf7.o(i.__0printf$7) refers to printf7.o(i._printf_core) for _printf_core
    printf7.o(i.__0printf$7) refers to uart.o(i.fputc) for fputc
    printf7.o(i.__0printf$7) refers to stdout.o(.data) for __stdout
    printf7.o(i.__0snprintf$7) refers to printf7.o(i._printf_core) for _printf_core
    printf7.o(i.__0snprintf$7) refers to printf7.o(i._snputc) for _snputc
    printf7.o(i.__0sprintf$7) refers to printf7.o(i._printf_core) for _printf_core
    printf7.o(i.__0sprintf$7) refers to printf7.o(i._sputc) for _sputc
    printf7.o(i.__0vfprintf$7) refers to printf7.o(i._printf_core) for _printf_core
    printf7.o(i.__0vfprintf$7) refers to uart.o(i.fputc) for fputc
    printf7.o(i.__0vprintf$7) refers to printf7.o(i._printf_core) for _printf_core
    printf7.o(i.__0vprintf$7) refers to uart.o(i.fputc) for fputc
    printf7.o(i.__0vprintf$7) refers to stdout.o(.data) for __stdout
    printf7.o(i.__0vsnprintf$7) refers to printf7.o(i._printf_core) for _printf_core
    printf7.o(i.__0vsnprintf$7) refers to printf7.o(i._snputc) for _snputc
    printf7.o(i.__0vsprintf$7) refers to printf7.o(i._printf_core) for _printf_core
    printf7.o(i.__0vsprintf$7) refers to printf7.o(i._sputc) for _sputc
    printf7.o(i._printf_core) refers to printf7.o(i._printf_pre_padding) for _printf_pre_padding
    printf7.o(i._printf_core) refers to uldiv.o(.text) for __aeabi_uldivmod
    printf7.o(i._printf_core) refers to printf7.o(i._printf_post_padding) for _printf_post_padding
    printf8.o(i.__0fprintf$8) refers to printf8.o(i._printf_core) for _printf_core
    printf8.o(i.__0fprintf$8) refers to uart.o(i.fputc) for fputc
    printf8.o(i.__0printf$8) refers to printf8.o(i._printf_core) for _printf_core
    printf8.o(i.__0printf$8) refers to uart.o(i.fputc) for fputc
    printf8.o(i.__0printf$8) refers to stdout.o(.data) for __stdout
    printf8.o(i.__0snprintf$8) refers to printf8.o(i._printf_core) for _printf_core
    printf8.o(i.__0snprintf$8) refers to printf8.o(i._snputc) for _snputc
    printf8.o(i.__0sprintf$8) refers to printf8.o(i._printf_core) for _printf_core
    printf8.o(i.__0sprintf$8) refers to printf8.o(i._sputc) for _sputc
    printf8.o(i.__0vfprintf$8) refers to printf8.o(i._printf_core) for _printf_core
    printf8.o(i.__0vfprintf$8) refers to uart.o(i.fputc) for fputc
    printf8.o(i.__0vprintf$8) refers to printf8.o(i._printf_core) for _printf_core
    printf8.o(i.__0vprintf$8) refers to uart.o(i.fputc) for fputc
    printf8.o(i.__0vprintf$8) refers to stdout.o(.data) for __stdout
    printf8.o(i.__0vsnprintf$8) refers to printf8.o(i._printf_core) for _printf_core
    printf8.o(i.__0vsnprintf$8) refers to printf8.o(i._snputc) for _snputc
    printf8.o(i.__0vsprintf$8) refers to printf8.o(i._printf_core) for _printf_core
    printf8.o(i.__0vsprintf$8) refers to printf8.o(i._sputc) for _sputc
    printf8.o(i._printf_core) refers to printf8.o(i._printf_pre_padding) for _printf_pre_padding
    printf8.o(i._printf_core) refers to uldiv.o(.text) for __aeabi_uldivmod
    printf8.o(i._printf_core) refers to printf8.o(i._printf_post_padding) for _printf_post_padding
    printfa.o(i.__0fprintf) refers (Special) to iusefp.o(.text) for __I$use$fp
    printfa.o(i.__0fprintf) refers to printfa.o(i._printf_core) for _printf_core
    printfa.o(i.__0fprintf) refers to uart.o(i.fputc) for fputc
    printfa.o(i.__0printf) refers (Special) to iusefp.o(.text) for __I$use$fp
    printfa.o(i.__0printf) refers to printfa.o(i._printf_core) for _printf_core
    printfa.o(i.__0printf) refers to uart.o(i.fputc) for fputc
    printfa.o(i.__0printf) refers to stdout.o(.data) for __stdout
    printfa.o(i.__0snprintf) refers (Special) to iusefp.o(.text) for __I$use$fp
    printfa.o(i.__0snprintf) refers to printfa.o(i._printf_core) for _printf_core
    printfa.o(i.__0snprintf) refers to printfa.o(i._snputc) for _snputc
    printfa.o(i.__0sprintf) refers (Special) to iusefp.o(.text) for __I$use$fp
    printfa.o(i.__0sprintf) refers to printfa.o(i._printf_core) for _printf_core
    printfa.o(i.__0sprintf) refers to printfa.o(i._sputc) for _sputc
    printfa.o(i.__0vfprintf) refers (Special) to iusefp.o(.text) for __I$use$fp
    printfa.o(i.__0vfprintf) refers to printfa.o(i._printf_core) for _printf_core
    printfa.o(i.__0vfprintf) refers to uart.o(i.fputc) for fputc
    printfa.o(i.__0vprintf) refers (Special) to iusefp.o(.text) for __I$use$fp
    printfa.o(i.__0vprintf) refers to printfa.o(i._printf_core) for _printf_core
    printfa.o(i.__0vprintf) refers to uart.o(i.fputc) for fputc
    printfa.o(i.__0vprintf) refers to stdout.o(.data) for __stdout
    printfa.o(i.__0vsnprintf) refers (Special) to iusefp.o(.text) for __I$use$fp
    printfa.o(i.__0vsnprintf) refers to printfa.o(i._printf_core) for _printf_core
    printfa.o(i.__0vsnprintf) refers to printfa.o(i._snputc) for _snputc
    printfa.o(i.__0vsprintf) refers (Special) to iusefp.o(.text) for __I$use$fp
    printfa.o(i.__0vsprintf) refers to printfa.o(i._printf_core) for _printf_core
    printfa.o(i.__0vsprintf) refers to printfa.o(i._sputc) for _sputc
    printfa.o(i._fp_digits) refers (Special) to iusefp.o(.text) for __I$use$fp
    printfa.o(i._fp_digits) refers to dmul.o(.text) for __aeabi_dmul
    printfa.o(i._fp_digits) refers to ddiv.o(.text) for __aeabi_ddiv
    printfa.o(i._fp_digits) refers to cdrcmple.o(.text) for __aeabi_cdrcmple
    printfa.o(i._fp_digits) refers to dadd.o(.text) for __aeabi_dadd
    printfa.o(i._fp_digits) refers to dfixul.o(.text) for __aeabi_d2ulz
    printfa.o(i._fp_digits) refers to uldiv.o(.text) for __aeabi_uldivmod
    printfa.o(i._printf_core) refers (Special) to iusefp.o(.text) for __I$use$fp
    printfa.o(i._printf_core) refers to printfa.o(i._printf_pre_padding) for _printf_pre_padding
    printfa.o(i._printf_core) refers to uldiv.o(.text) for __aeabi_uldivmod
    printfa.o(i._printf_core) refers to printfa.o(i._printf_post_padding) for _printf_post_padding
    printfa.o(i._printf_core) refers to printfa.o(i._fp_digits) for _fp_digits
    printfa.o(i._printf_core) refers to uidiv.o(.text) for __aeabi_uidivmod
    printfa.o(i._printf_post_padding) refers (Special) to iusefp.o(.text) for __I$use$fp
    printfa.o(i._printf_pre_padding) refers (Special) to iusefp.o(.text) for __I$use$fp
    printfa.o(i._snputc) refers (Special) to iusefp.o(.text) for __I$use$fp
    printfa.o(i._sputc) refers (Special) to iusefp.o(.text) for __I$use$fp
    atoi.o(.text) refers to errno.o(i.__aeabi_errno_addr) for __aeabi_errno_addr
    atoi.o(.text) refers to strtol.o(.text) for strtol
    dflti.o(.text) refers (Special) to iusefp.o(.text) for __I$use$fp
    dflti.o(.text) refers to depilogue.o(.text) for _double_epilogue
    cdcmple.o(.text) refers (Special) to iusefp.o(.text) for __I$use$fp
    cdrcmple.o(.text) refers (Special) to iusefp.o(.text) for __I$use$fp
    entry2.o(.ARM.Collect$$$$00000001) refers to entry2.o(.ARM.Collect$$$$00002712) for __lit__00000000
    entry2.o(.ARM.Collect$$$$00002712) refers to startup.o(STACK) for __initial_sp
    entry2.o(__vectab_stack_and_reset_area) refers to startup.o(STACK) for __initial_sp
    entry2.o(__vectab_stack_and_reset_area) refers to entry.o(.ARM.Collect$$$$00000000) for __main
    entry5.o(.ARM.Collect$$$$00000004) refers to init.o(.text) for __scatterload
    entry9a.o(.ARM.Collect$$$$0000000B) refers to main.o(i.main) for main
    entry9b.o(.ARM.Collect$$$$0000000C) refers to main.o(i.main) for main
    uldiv.o(.text) refers to llushr.o(.text) for __aeabi_llsr
    uldiv.o(.text) refers to llshl.o(.text) for __aeabi_llsl
    localtime.o(.text) refers to localtime.o(.bss) for .bss
    localtime.o(.text) refers to localtime.o(.constdata) for .constdata
    asctime.o(.text) refers to asctime.o(.bss) for .bss
    asctime.o(.text) refers to asctime.o(.constdata) for .constdata
    errno.o(i.__aeabi_errno_addr) refers to errno.o(.data) for .data
    errno.o(i.__read_errno) refers to errno.o(.data) for .data
    errno.o(i.__set_errno) refers to errno.o(.data) for .data
    strtol.o(.text) refers to ctype_o.o(.text) for __rt_ctype_table
    strtol.o(.text) refers to _strtoul.o(.text) for _strtoul
    strtol.o(.text) refers to errno.o(i.__aeabi_errno_addr) for __aeabi_errno_addr
    depilogue.o(.text) refers to llshl.o(.text) for __aeabi_llsl
    depilogue.o(.text) refers to llushr.o(.text) for __aeabi_llsr
    dadd.o(.text) refers to llshl.o(.text) for __aeabi_llsl
    dadd.o(.text) refers to llsshr.o(.text) for __aeabi_lasr
    dadd.o(.text) refers to depilogue.o(.text) for _double_epilogue
    dmul.o(.text) refers to depilogue.o(.text) for _double_epilogue
    ddiv.o(.text) refers to depilogue.o(.text) for _double_round
    dfixul.o(.text) refers to llushr.o(.text) for __aeabi_llsr
    dfixul.o(.text) refers to llshl.o(.text) for __aeabi_llsl
    init.o(.text) refers to entry5.o(.ARM.Collect$$$$00000004) for __main_after_scatterload
    ctype_o.o(.text) refers to ctype_o.o(.constdata) for .constdata
    ctype_o.o(.constdata) refers to ctype_o.o(.constdata) for __ctype_table
    isalnum_o.o(.text) refers to ctype_o.o(.text) for __rt_ctype_table
    isalpha_o.o(.text) refers to ctype_o.o(.text) for __rt_ctype_table
    isblank_o.o(.text) refers to ctype_o.o(.constdata) for __ctype_table
    iscntrl_o.o(.text) refers to ctype_o.o(.text) for __rt_ctype_table
    isdigit_o.o(.text) refers to ctype_o.o(.text) for __rt_ctype_table
    isgraph_o.o(.text) refers to ctype_o.o(.text) for __rt_ctype_table
    islower_o.o(.text) refers to ctype_o.o(.text) for __rt_ctype_table
    isprint_o.o(.text) refers to ctype_o.o(.text) for __rt_ctype_table
    ispunct_o.o(.text) refers to ctype_o.o(.text) for __rt_ctype_table
    isspace_o.o(.text) refers to ctype_o.o(.text) for __rt_ctype_table
    isupper_o.o(.text) refers to ctype_o.o(.text) for __rt_ctype_table
    isxdigit_o.o(.text) refers to ctype_o.o(.text) for __rt_ctype_table
    _strtoul.o(.text) refers to _chval.o(.text) for _chval
    _strtoul.o(.text) refers to errno.o(i.__aeabi_errno_addr) for __aeabi_errno_addr


==============================================================================

Removing Unused input sections from the image.

    Removing startup.o(HEAP), (0 bytes).
    Removing main.o(i.main2), (136 bytes).
    Removing esp8266.o(i.ESP8266ProcessInput), (148 bytes).
    Removing esp8266.o(i.ESP8266_ConfigureAccessPoint), (120 bytes).
    Removing esp8266.o(i.ESP8266_DisableRXInterrupt), (12 bytes).
    Removing esp8266.o(i.ESP8266_DisableServer), (96 bytes).
    Removing esp8266.o(i.ESP8266_EnableServer), (56 bytes).
    Removing esp8266.o(i.ESP8266_QuitAccessPoint), (68 bytes).
    Removing esp8266.o(i.ESP8266_SetConnectionMux), (88 bytes).
    Removing esp8266.o(i.ESP8266_SetServerTimeout), (52 bytes).
    Removing esp8266.o(i.HTTP_ServePage), (140 bytes).
    Removing esp8266.o(.constdata), (318 bytes).
    Removing uart.o(i.RxFifo_Get), (60 bytes).
    Removing uart.o(i.UART_InChar), (20 bytes).
    Removing uart.o(i.UART_InCharNonBlock), (20 bytes).
    Removing uart.o(i.UART_InString), (70 bytes).
    Removing uart.o(i.UART_InUDec), (76 bytes).
    Removing uart.o(i.UART_InUHex), (108 bytes).
    Removing uart.o(i.UART_OutString), (22 bytes).
    Removing uart.o(i.UART_OutUDec), (42 bytes).
    Removing uart.o(i.UART_OutUHex), (52 bytes).
    Removing led.o(i.LED_BlueToggle), (20 bytes).
    Removing led.o(i.LED_GreenOff), (16 bytes).
    Removing led.o(i.LED_GreenOn), (24 bytes).
    Removing led.o(i.LED_GreenToggle), (20 bytes).
    Removing led.o(i.LED_Init), (156 bytes).
    Removing led.o(i.LED_RedOff), (12 bytes).
    Removing led.o(i.LED_RedOn), (20 bytes).
    Removing led.o(i.LED_RedToggle), (20 bytes).
    Removing nokia5110.o(i.Nokia5110_DrawFullImage), (34 bytes).
    Removing nokia5110.o(i.Nokia5110_OutUDec), (412 bytes).
    Removing dadd.o(.text), (334 bytes).
    Removing dmul.o(.text), (228 bytes).
    Removing ddiv.o(.text), (222 bytes).
    Removing dfixul.o(.text), (48 bytes).

35 unused section(s) (total 3270 bytes) removed from the image.

==============================================================================

Image Symbol Table

    Local Symbols

    Symbol Name                              Value     Ov Type        Size  Object(Section)

    RESET                                    0x00000000   Section      644  startup.o(RESET)
    ../clib/microlib/ctype/ctype.c           0x00000000   Number         0  isalpha_o.o ABSOLUTE
    ../clib/microlib/ctype/ctype.c           0x00000000   Number         0  isgraph_o.o ABSOLUTE
    ../clib/microlib/ctype/ctype.c           0x00000000   Number         0  isdigit_o.o ABSOLUTE
    ../clib/microlib/ctype/ctype.c           0x00000000   Number         0  isxdigit_o.o ABSOLUTE
    ../clib/microlib/ctype/ctype.c           0x00000000   Number         0  isblank_o.o ABSOLUTE
    ../clib/microlib/ctype/ctype.c           0x00000000   Number         0  iscntrl_o.o ABSOLUTE
    ../clib/microlib/ctype/ctype.c           0x00000000   Number         0  islower_o.o ABSOLUTE
    ../clib/microlib/ctype/ctype.c           0x00000000   Number         0  isspace_o.o ABSOLUTE
    ../clib/microlib/ctype/ctype.c           0x00000000   Number         0  ispunct_o.o ABSOLUTE
    ../clib/microlib/ctype/ctype.c           0x00000000   Number         0  isalnum_o.o ABSOLUTE
    ../clib/microlib/ctype/ctype.c           0x00000000   Number         0  ctype_o.o ABSOLUTE
    ../clib/microlib/ctype/ctype.c           0x00000000   Number         0  isprint_o.o ABSOLUTE
    ../clib/microlib/ctype/ctype.c           0x00000000   Number         0  isupper_o.o ABSOLUTE
    ../clib/microlib/division.c              0x00000000   Number         0  uldiv.o ABSOLUTE
    ../clib/microlib/division.c              0x00000000   Number         0  uidiv.o ABSOLUTE
    ../clib/microlib/errno.c                 0x00000000   Number         0  errno.o ABSOLUTE
    ../clib/microlib/init/entry.s            0x00000000   Number         0  entry.o ABSOLUTE
    ../clib/microlib/init/entry.s            0x00000000   Number         0  entry8a.o ABSOLUTE
    ../clib/microlib/init/entry.s            0x00000000   Number         0  entry7b.o ABSOLUTE
    ../clib/microlib/init/entry.s            0x00000000   Number         0  entry7a.o ABSOLUTE
    ../clib/microlib/init/entry.s            0x00000000   Number         0  entry5.o ABSOLUTE
    ../clib/microlib/init/entry.s            0x00000000   Number         0  entry9b.o ABSOLUTE
    ../clib/microlib/init/entry.s            0x00000000   Number         0  entry2.o ABSOLUTE
    ../clib/microlib/init/entry.s            0x00000000   Number         0  entry11b.o ABSOLUTE
    ../clib/microlib/init/entry.s            0x00000000   Number         0  entry9a.o ABSOLUTE
    ../clib/microlib/init/entry.s            0x00000000   Number         0  entry11a.o ABSOLUTE
    ../clib/microlib/init/entry.s            0x00000000   Number         0  entry10a.o ABSOLUTE
    ../clib/microlib/init/entry.s            0x00000000   Number         0  entry8b.o ABSOLUTE
    ../clib/microlib/init/entry.s            0x00000000   Number         0  entry10b.o ABSOLUTE
    ../clib/microlib/longlong.c              0x00000000   Number         0  llshl.o ABSOLUTE
    ../clib/microlib/longlong.c              0x00000000   Number         0  llushr.o ABSOLUTE
    ../clib/microlib/longlong.c              0x00000000   Number         0  llsshr.o ABSOLUTE
    ../clib/microlib/printf/printf.c         0x00000000   Number         0  printf3.o ABSOLUTE
    ../clib/microlib/printf/printf.c         0x00000000   Number         0  printf5.o ABSOLUTE
    ../clib/microlib/printf/printf.c         0x00000000   Number         0  printf2.o ABSOLUTE
    ../clib/microlib/printf/printf.c         0x00000000   Number         0  printf0.o ABSOLUTE
    ../clib/microlib/printf/printf.c         0x00000000   Number         0  printf6.o ABSOLUTE
    ../clib/microlib/printf/printf.c         0x00000000   Number         0  printf1.o ABSOLUTE
    ../clib/microlib/printf/printf.c         0x00000000   Number         0  printfb.o ABSOLUTE
    ../clib/microlib/printf/printf.c         0x00000000   Number         0  printf7.o ABSOLUTE
    ../clib/microlib/printf/printf.c         0x00000000   Number         0  printfa.o ABSOLUTE
    ../clib/microlib/printf/printf.c         0x00000000   Number         0  printf8.o ABSOLUTE
    ../clib/microlib/printf/printf.c         0x00000000   Number         0  printf4.o ABSOLUTE
    ../clib/microlib/printf/stubs.s          0x00000000   Number         0  stubs.o ABSOLUTE
    ../clib/microlib/stdio/streams.c         0x00000000   Number         0  stdout.o ABSOLUTE
    ../clib/microlib/string/memcpy.c         0x00000000   Number         0  memcpya.o ABSOLUTE
    ../clib/microlib/string/memcpy.c         0x00000000   Number         0  memcpyb.o ABSOLUTE
    ../clib/microlib/string/strcpy.c         0x00000000   Number         0  strcpy.o ABSOLUTE
    ../clib/microlib/string/strlen.c         0x00000000   Number         0  strlen.o ABSOLUTE
    ../clib/microlib/string/strstr.c         0x00000000   Number         0  strstr.o ABSOLUTE
    ../clib/microlib/stubs.s                 0x00000000   Number         0  iusefp.o ABSOLUTE
    ../clib/microlib/time/asctime.c          0x00000000   Number         0  asctime.o ABSOLUTE
    ../clib/microlib/time/ctime.c            0x00000000   Number         0  ctime.o ABSOLUTE
    ../clib/microlib/time/localtime.c        0x00000000   Number         0  localtime.o ABSOLUTE
    ../clib/scanf.c                          0x00000000   Number         0  strtol.o ABSOLUTE
    ../clib/scanf.c                          0x00000000   Number         0  _chval.o ABSOLUTE
    ../clib/scanf.c                          0x00000000   Number         0  atoi.o ABSOLUTE
    ../clib/scanf.c                          0x00000000   Number         0  _strtoul.o ABSOLUTE
    ../fplib/microlib/fpadd.c                0x00000000   Number         0  dadd.o ABSOLUTE
    ../fplib/microlib/fpdiv.c                0x00000000   Number         0  ddiv.o ABSOLUTE
    ../fplib/microlib/fpepilogue.c           0x00000000   Number         0  depilogue.o ABSOLUTE
    ../fplib/microlib/fpfix.c                0x00000000   Number         0  dfixul.o ABSOLUTE
    ../fplib/microlib/fpflt.c                0x00000000   Number         0  dflti.o ABSOLUTE
    ../fplib/microlib/fpmul.c                0x00000000   Number         0  dmul.o ABSOLUTE
    LED.c                                    0x00000000   Number         0  led.o ABSOLUTE
    Nokia5110.c                              0x00000000   Number         0  nokia5110.o ABSOLUTE
    UART.c                                   0x00000000   Number         0  uart.o ABSOLUTE
    cdcmple.s                                0x00000000   Number         0  cdcmple.o ABSOLUTE
    cdrcmple.s                               0x00000000   Number         0  cdrcmple.o ABSOLUTE
    dc.s                                     0x00000000   Number         0  dc.o ABSOLUTE
    esp8266.c                                0x00000000   Number         0  esp8266.o ABSOLUTE
    handlers.s                               0x00000000   Number         0  handlers.o ABSOLUTE
    init.s                                   0x00000000   Number         0  init.o ABSOLUTE
    main.c                                   0x00000000   Number         0  main.o ABSOLUTE
    pll.c                                    0x00000000   Number         0  pll.o ABSOLUTE
    startup.s                                0x00000000   Number         0  startup.o ABSOLUTE
    .ARM.Collect$$$$00000000                 0x00000284   Section        0  entry.o(.ARM.Collect$$$$00000000)
    .ARM.Collect$$$$00000001                 0x00000284   Section        4  entry2.o(.ARM.Collect$$$$00000001)
    .ARM.Collect$$$$00000004                 0x00000288   Section        4  entry5.o(.ARM.Collect$$$$00000004)
    .ARM.Collect$$$$00000008                 0x0000028c   Section        0  entry7b.o(.ARM.Collect$$$$00000008)
    .ARM.Collect$$$$0000000A                 0x0000028c   Section        0  entry8b.o(.ARM.Collect$$$$0000000A)
    .ARM.Collect$$$$0000000B                 0x0000028c   Section        8  entry9a.o(.ARM.Collect$$$$0000000B)
    .ARM.Collect$$$$0000000D                 0x00000294   Section        0  entry10a.o(.ARM.Collect$$$$0000000D)
    .ARM.Collect$$$$0000000F                 0x00000294   Section        0  entry11a.o(.ARM.Collect$$$$0000000F)
    .ARM.Collect$$$$00002712                 0x00000294   Section        4  entry2.o(.ARM.Collect$$$$00002712)
    __lit__00000000                          0x00000294   Data           4  entry2.o(.ARM.Collect$$$$00002712)
    .text                                    0x00000298   Section       28  startup.o(.text)
    .text                                    0x000002b4   Section        0  ctime.o(.text)
    .text                                    0x000002c2   Section        0  strstr.o(.text)
    .text                                    0x000002e6   Section        0  strlen.o(.text)
    .text                                    0x000002f4   Section        0  strcpy.o(.text)
    .text                                    0x00000306   Section        0  atoi.o(.text)
    .text                                    0x00000320   Section        0  dflti.o(.text)
    .text                                    0x00000344   Section       40  cdcmple.o(.text)
    .text                                    0x0000036c   Section       40  cdrcmple.o(.text)
    .text                                    0x00000394   Section        0  uidiv.o(.text)
    .text                                    0x000003c0   Section        0  localtime.o(.text)
    .text                                    0x00000444   Section        0  asctime.o(.text)
    .text                                    0x00000500   Section        0  strtol.o(.text)
    .text                                    0x00000570   Section        0  iusefp.o(.text)
    .text                                    0x00000570   Section        0  depilogue.o(.text)
    .text                                    0x00000630   Section       36  init.o(.text)
    .text                                    0x00000654   Section        0  llshl.o(.text)
    .text                                    0x00000672   Section        0  llushr.o(.text)
    .text                                    0x00000694   Section        0  ctype_o.o(.text)
    .text                                    0x0000069c   Section        0  _strtoul.o(.text)
    .text                                    0x0000073a   Section        0  _chval.o(.text)
    i.Board_Input                            0x00000758   Section        0  led.o(i.Board_Input)
    i.DelayMs                                0x00000770   Section        0  esp8266.o(i.DelayMs)
    i.DelayMsSearching                       0x00000790   Section        0  esp8266.o(i.DelayMsSearching)
    i.ESP8266FIFOtoBuffer                    0x000007c0   Section        0  esp8266.o(i.ESP8266FIFOtoBuffer)
    i.ESP8266SendCommand                     0x0000083c   Section        0  esp8266.o(i.ESP8266SendCommand)
    i.ESP8266_CloseTCPConnection             0x00000858   Section        0  esp8266.o(i.ESP8266_CloseTCPConnection)
    i.ESP8266_EnableRXInterrupt              0x000008a0   Section        0  esp8266.o(i.ESP8266_EnableRXInterrupt)
    i.ESP8266_GetIPAddress                   0x000008ac   Section        0  esp8266.o(i.ESP8266_GetIPAddress)
    i.ESP8266_GetStatus                      0x000008f0   Section        0  esp8266.o(i.ESP8266_GetStatus)
    i.ESP8266_GetVersionNumber               0x00000938   Section        0  esp8266.o(i.ESP8266_GetVersionNumber)
    i.ESP8266_Init                           0x0000097c   Section        0  esp8266.o(i.ESP8266_Init)
    i.ESP8266_InitUART                       0x00000b68   Section        0  esp8266.o(i.ESP8266_InitUART)
    i.ESP8266_JoinAccessPoint                0x00000c78   Section        0  esp8266.o(i.ESP8266_JoinAccessPoint)
    i.ESP8266_ListAccessPoints               0x00000cdc   Section        0  esp8266.o(i.ESP8266_ListAccessPoints)
    i.ESP8266_MakeTCPConnection              0x00000d20   Section        0  esp8266.o(i.ESP8266_MakeTCPConnection)
    i.ESP8266_PrintChar                      0x00000d84   Section        0  esp8266.o(i.ESP8266_PrintChar)
    i.ESP8266_Reset                          0x00000d9c   Section        0  esp8266.o(i.ESP8266_Reset)
    i.ESP8266_SendTCP                        0x00000e10   Section        0  esp8266.o(i.ESP8266_SendTCP)
    i.ESP8266_SetDataTransmissionMode        0x00000e90   Section        0  esp8266.o(i.ESP8266_SetDataTransmissionMode)
    i.ESP8266_SetWifiMode                    0x00000ee8   Section        0  esp8266.o(i.ESP8266_SetWifiMode)
    i.Nokia5110_Clear                        0x00000f48   Section        0  nokia5110.o(i.Nokia5110_Clear)
    i.Nokia5110_Init                         0x00000f68   Section        0  nokia5110.o(i.Nokia5110_Init)
    i.Nokia5110_OutChar                      0x000010d4   Section        0  nokia5110.o(i.Nokia5110_OutChar)
    i.Nokia5110_OutString                    0x0000110c   Section        0  nokia5110.o(i.Nokia5110_OutString)
    i.Nokia5110_SetCursor                    0x00001122   Section        0  nokia5110.o(i.Nokia5110_SetCursor)
    i.Output_Init                            0x00001150   Section        0  uart.o(i.Output_Init)
    i.PLL_Init                               0x00001158   Section        0  pll.o(i.PLL_Init)
    i.ParseResponse                          0x000011d4   Section        0  main.o(i.ParseResponse)
    i.RxFifo_Init                            0x0000143c   Section        0  uart.o(i.RxFifo_Init)
    i.RxFifo_Put                             0x00001460   Section        0  uart.o(i.RxFifo_Put)
    i.RxFifo_Size                            0x0000149c   Section        0  uart.o(i.RxFifo_Size)
    i.SearchCheck                            0x000014b4   Section        0  esp8266.o(i.SearchCheck)
    i.SearchStart                            0x00001518   Section        0  esp8266.o(i.SearchStart)
    i.ServerResponseSearchCheck              0x00001548   Section        0  esp8266.o(i.ServerResponseSearchCheck)
    i.ServerResponseSearchStart              0x0000161c   Section        0  esp8266.o(i.ServerResponseSearchStart)
    i.TxFifo_Get                             0x0000165c   Section        0  uart.o(i.TxFifo_Get)
    i.TxFifo_Init                            0x00001698   Section        0  uart.o(i.TxFifo_Init)
    i.TxFifo_Put                             0x000016bc   Section        0  uart.o(i.TxFifo_Put)
    i.TxFifo_Size                            0x000016f8   Section        0  uart.o(i.TxFifo_Size)
    i.UART0_Handler                          0x00001710   Section        0  uart.o(i.UART0_Handler)
    i.UART1_Handler                          0x00001768   Section        0  esp8266.o(i.UART1_Handler)
    i.UART_Init                              0x00001798   Section        0  uart.o(i.UART_Init)
    i.UART_OutChar                           0x00001860   Section        0  uart.o(i.UART_OutChar)
    i.UART_OutCharNonBlock                   0x00001894   Section        0  uart.o(i.UART_OutCharNonBlock)
    i.__0printf$3                            0x000018c8   Section        0  printf3.o(i.__0printf$3)
    i.__0sprintf$3                           0x000018e8   Section        0  printf3.o(i.__0sprintf$3)
    i.__aeabi_errno_addr                     0x00001910   Section        0  errno.o(i.__aeabi_errno_addr)
    i.__scatterload_copy                     0x00001918   Section       14  handlers.o(i.__scatterload_copy)
    i.__scatterload_null                     0x00001926   Section        2  handlers.o(i.__scatterload_null)
    i.__scatterload_zeroinit                 0x00001928   Section       14  handlers.o(i.__scatterload_zeroinit)
    i._printf_core                           0x00001938   Section        0  printf3.o(i._printf_core)
    _printf_core                             0x00001939   Thumb Code   436  printf3.o(i._printf_core)
    i._sputc                                 0x00001af0   Section        0  printf3.o(i._sputc)
    _sputc                                   0x00001af1   Thumb Code    10  printf3.o(i._sputc)
    i.copyHardwareToSoftware                 0x00001afc   Section        0  uart.o(i.copyHardwareToSoftware)
    copyHardwareToSoftware                   0x00001afd   Thumb Code    40  uart.o(i.copyHardwareToSoftware)
    i.copySoftwareToHardware                 0x00001b28   Section        0  uart.o(i.copySoftwareToHardware)
    copySoftwareToHardware                   0x00001b29   Thumb Code    38  uart.o(i.copySoftwareToHardware)
    i.deg2dir                                0x00001b54   Section        0  main.o(i.deg2dir)
    i.delay                                  0x00001e30   Section        0  main.o(i.delay)
    i.fputc                                  0x00001e46   Section        0  uart.o(i.fputc)
    i.lc                                     0x00001e56   Section        0  esp8266.o(i.lc)
    i.lcdwrite                               0x00001e64   Section        0  nokia5110.o(i.lcdwrite)
    lcdwrite                                 0x00001e65   Thumb Code    66  nokia5110.o(i.lcdwrite)
    i.main                                   0x00001eb0   Section        0  main.o(i.main)
    .constdata                               0x00002138   Section       73  main.o(.constdata)
    .constdata                               0x00002181   Section      480  nokia5110.o(.constdata)
    ASCII                                    0x00002181   Data         480  nokia5110.o(.constdata)
    .constdata                               0x00002361   Section       12  localtime.o(.constdata)
    monlen                                   0x00002361   Data          12  localtime.o(.constdata)
    .constdata                               0x0000236d   Section       57  asctime.o(.constdata)
    week                                     0x0000236d   Data          21  asctime.o(.constdata)
    mon                                      0x00002382   Data          36  asctime.o(.constdata)
    .constdata                               0x000023a6   Section      129  ctype_o.o(.constdata)
    .constdata                               0x00002428   Section        4  ctype_o.o(.constdata)
    table                                    0x00002428   Data           4  ctype_o.o(.constdata)
    .data                                    0x20000000   Section      144  main.o(.data)
    .data                                    0x20000090   Section       65  esp8266.o(.data)
    .data                                    0x200000d4   Section       16  uart.o(.data)
    .data                                    0x200000e4   Section        4  stdout.o(.data)
    .data                                    0x200000e8   Section        4  errno.o(.data)
    _errno                                   0x200000e8   Data           4  errno.o(.data)
    .bss                                     0x200000ec   Section      900  main.o(.bss)
    .bss                                     0x20000470   Section     3104  esp8266.o(.bss)
    .bss                                     0x20001090   Section     2048  uart.o(.bss)
    RxFifo                                   0x20001090   Data        1024  uart.o(.bss)
    TxFifo                                   0x20001490   Data        1024  uart.o(.bss)
    .bss                                     0x20001890   Section       44  localtime.o(.bss)
    _tms                                     0x20001890   Data          44  localtime.o(.bss)
    .bss                                     0x200018bc   Section       26  asctime.o(.bss)
    result                                   0x200018bc   Data          26  asctime.o(.bss)
    STACK                                    0x200018d8   Section     1024  startup.o(STACK)
    StackMem                                 0x200018d8   Data           0  startup.o(STACK)

    Global Symbols

    Symbol Name                              Value     Ov Type        Size  Object(Section)

    BuildAttributes$$THM_ISAv4$E$P$D$K$B$S$7EM$PE$A:L22UL41UL21$X:L11$S22US41US21$IEEE1$IW$USESV6$~STKCKD$USESV7$~SHL$OSPACE$ROPI$EBA8$MICROLIB$REQ8$PRES8$EABIv2 0x00000000   Number         0  anon$$obj.o ABSOLUTE
    __ARM_use_no_argv                        0x00000000   Number         0  main.o ABSOLUTE
    __Vectors                                0x00000000   Data           0  startup.o(RESET)
    _printf_a                                0x00000000   Number         0  stubs.o ABSOLUTE
    _printf_c                                0x00000000   Number         0  stubs.o ABSOLUTE
    _printf_charcount                        0x00000000   Number         0  stubs.o ABSOLUTE
    _printf_d                                0x00000000   Number         0  stubs.o ABSOLUTE
    _printf_e                                0x00000000   Number         0  stubs.o ABSOLUTE
    _printf_f                                0x00000000   Number         0  stubs.o ABSOLUTE
    _printf_flags                            0x00000000   Number         0  stubs.o ABSOLUTE
    _printf_fp_dec                           0x00000000   Number         0  stubs.o ABSOLUTE
    _printf_fp_hex                           0x00000000   Number         0  stubs.o ABSOLUTE
    _printf_g                                0x00000000   Number         0  stubs.o ABSOLUTE
    _printf_i                                0x00000000   Number         0  stubs.o ABSOLUTE
    _printf_int_dec                          0x00000000   Number         0  stubs.o ABSOLUTE
    _printf_l                                0x00000000   Number         0  stubs.o ABSOLUTE
    _printf_lc                               0x00000000   Number         0  stubs.o ABSOLUTE
    _printf_ll                               0x00000000   Number         0  stubs.o ABSOLUTE
    _printf_lld                              0x00000000   Number         0  stubs.o ABSOLUTE
    _printf_lli                              0x00000000   Number         0  stubs.o ABSOLUTE
    _printf_llo                              0x00000000   Number         0  stubs.o ABSOLUTE
    _printf_llu                              0x00000000   Number         0  stubs.o ABSOLUTE
    _printf_llx                              0x00000000   Number         0  stubs.o ABSOLUTE
    _printf_longlong_dec                     0x00000000   Number         0  stubs.o ABSOLUTE
    _printf_longlong_hex                     0x00000000   Number         0  stubs.o ABSOLUTE
    _printf_longlong_oct                     0x00000000   Number         0  stubs.o ABSOLUTE
    _printf_ls                               0x00000000   Number         0  stubs.o ABSOLUTE
    _printf_mbtowc                           0x00000000   Number         0  stubs.o ABSOLUTE
    _printf_n                                0x00000000   Number         0  stubs.o ABSOLUTE
    _printf_o                                0x00000000   Number         0  stubs.o ABSOLUTE
    _printf_p                                0x00000000   Number         0  stubs.o ABSOLUTE
    _printf_percent                          0x00000000   Number         0  stubs.o ABSOLUTE
    _printf_pre_padding                      0x00000000   Number         0  stubs.o ABSOLUTE
    _printf_return_value                     0x00000000   Number         0  stubs.o ABSOLUTE
    _printf_s                                0x00000000   Number         0  stubs.o ABSOLUTE
    _printf_sizespec                         0x00000000   Number         0  stubs.o ABSOLUTE
    _printf_str                              0x00000000   Number         0  stubs.o ABSOLUTE
    _printf_truncate_signed                  0x00000000   Number         0  stubs.o ABSOLUTE
    _printf_truncate_unsigned                0x00000000   Number         0  stubs.o ABSOLUTE
    _printf_u                                0x00000000   Number         0  stubs.o ABSOLUTE
    _printf_wc                               0x00000000   Number         0  stubs.o ABSOLUTE
    _printf_wctomb                           0x00000000   Number         0  stubs.o ABSOLUTE
    _printf_widthprec                        0x00000000   Number         0  stubs.o ABSOLUTE
    _printf_x                                0x00000000   Number         0  stubs.o ABSOLUTE
    __cpp_initialize__aeabi_                  - Undefined Weak Reference
    __cxa_finalize                            - Undefined Weak Reference
    __decompress                              - Undefined Weak Reference
    _clock_init                               - Undefined Weak Reference
    _microlib_exit                            - Undefined Weak Reference
    Reset_Handler                            0x0000026d   Thumb Code     0  startup.o(RESET)
    NMI_Handler                              0x00000271   Thumb Code     2  startup.o(RESET)
    HardFault_Handler                        0x00000273   Thumb Code     2  startup.o(RESET)
    MemManage_Handler                        0x00000275   Thumb Code     2  startup.o(RESET)
    BusFault_Handler                         0x00000277   Thumb Code     2  startup.o(RESET)
    UsageFault_Handler                       0x00000279   Thumb Code     2  startup.o(RESET)
    SVC_Handler                              0x0000027b   Thumb Code     2  startup.o(RESET)
    DebugMon_Handler                         0x0000027d   Thumb Code     2  startup.o(RESET)
    PendSV_Handler                           0x0000027f   Thumb Code     2  startup.o(RESET)
    SysTick_Handler                          0x00000281   Thumb Code     2  startup.o(RESET)
    ADC0Seq0_Handler                         0x00000283   Thumb Code     0  startup.o(RESET)
    ADC0Seq1_Handler                         0x00000283   Thumb Code     0  startup.o(RESET)
    ADC0Seq2_Handler                         0x00000283   Thumb Code     0  startup.o(RESET)
    ADC0Seq3_Handler                         0x00000283   Thumb Code     0  startup.o(RESET)
    ADC1Seq0_Handler                         0x00000283   Thumb Code     0  startup.o(RESET)
    ADC1Seq1_Handler                         0x00000283   Thumb Code     0  startup.o(RESET)
    ADC1Seq2_Handler                         0x00000283   Thumb Code     0  startup.o(RESET)
    ADC1Seq3_Handler                         0x00000283   Thumb Code     0  startup.o(RESET)
    CAN0_Handler                             0x00000283   Thumb Code     0  startup.o(RESET)
    CAN1_Handler                             0x00000283   Thumb Code     0  startup.o(RESET)
    CAN2_Handler                             0x00000283   Thumb Code     0  startup.o(RESET)
    Comp0_Handler                            0x00000283   Thumb Code     0  startup.o(RESET)
    Comp1_Handler                            0x00000283   Thumb Code     0  startup.o(RESET)
    Comp2_Handler                            0x00000283   Thumb Code     0  startup.o(RESET)
    Ethernet_Handler                         0x00000283   Thumb Code     0  startup.o(RESET)
    ExtBus_Handler                           0x00000283   Thumb Code     0  startup.o(RESET)
    FPU_Handler                              0x00000283   Thumb Code     0  startup.o(RESET)
    Fan0_Handler                             0x00000283   Thumb Code     0  startup.o(RESET)
    FlashCtl_Handler                         0x00000283   Thumb Code     0  startup.o(RESET)
    GPIOPortA_Handler                        0x00000283   Thumb Code     0  startup.o(RESET)
    GPIOPortB_Handler                        0x00000283   Thumb Code     0  startup.o(RESET)
    GPIOPortC_Handler                        0x00000283   Thumb Code     0  startup.o(RESET)
    GPIOPortD_Handler                        0x00000283   Thumb Code     0  startup.o(RESET)
    GPIOPortE_Handler                        0x00000283   Thumb Code     0  startup.o(RESET)
    GPIOPortF_Handler                        0x00000283   Thumb Code     0  startup.o(RESET)
    GPIOPortG_Handler                        0x00000283   Thumb Code     0  startup.o(RESET)
    GPIOPortH_Handler                        0x00000283   Thumb Code     0  startup.o(RESET)
    GPIOPortJ_Handler                        0x00000283   Thumb Code     0  startup.o(RESET)
    GPIOPortK_Handler                        0x00000283   Thumb Code     0  startup.o(RESET)
    GPIOPortL_Handler                        0x00000283   Thumb Code     0  startup.o(RESET)
    GPIOPortM_Handler                        0x00000283   Thumb Code     0  startup.o(RESET)
    GPIOPortN_Handler                        0x00000283   Thumb Code     0  startup.o(RESET)
    GPIOPortP1_Handler                       0x00000283   Thumb Code     0  startup.o(RESET)
    GPIOPortP2_Handler                       0x00000283   Thumb Code     0  startup.o(RESET)
    GPIOPortP3_Handler                       0x00000283   Thumb Code     0  startup.o(RESET)
    GPIOPortP4_Handler                       0x00000283   Thumb Code     0  startup.o(RESET)
    GPIOPortP5_Handler                       0x00000283   Thumb Code     0  startup.o(RESET)
    GPIOPortP6_Handler                       0x00000283   Thumb Code     0  startup.o(RESET)
    GPIOPortP7_Handler                       0x00000283   Thumb Code     0  startup.o(RESET)
    GPIOPortP_Handler                        0x00000283   Thumb Code     0  startup.o(RESET)
    GPIOPortQ1_Handler                       0x00000283   Thumb Code     0  startup.o(RESET)
    GPIOPortQ2_Handler                       0x00000283   Thumb Code     0  startup.o(RESET)
    GPIOPortQ3_Handler                       0x00000283   Thumb Code     0  startup.o(RESET)
    GPIOPortQ4_Handler                       0x00000283   Thumb Code     0  startup.o(RESET)
    GPIOPortQ5_Handler                       0x00000283   Thumb Code     0  startup.o(RESET)
    GPIOPortQ6_Handler                       0x00000283   Thumb Code     0  startup.o(RESET)
    GPIOPortQ7_Handler                       0x00000283   Thumb Code     0  startup.o(RESET)
    GPIOPortQ_Handler                        0x00000283   Thumb Code     0  startup.o(RESET)
    GPIOPortR_Handler                        0x00000283   Thumb Code     0  startup.o(RESET)
    GPIOPortS_Handler                        0x00000283   Thumb Code     0  startup.o(RESET)
    Hibernate_Handler                        0x00000283   Thumb Code     0  startup.o(RESET)
    I2C0_Handler                             0x00000283   Thumb Code     0  startup.o(RESET)
    I2C1_Handler                             0x00000283   Thumb Code     0  startup.o(RESET)
    I2C2_Handler                             0x00000283   Thumb Code     0  startup.o(RESET)
    I2C3_Handler                             0x00000283   Thumb Code     0  startup.o(RESET)
    I2C4_Handler                             0x00000283   Thumb Code     0  startup.o(RESET)
    I2C5_Handler                             0x00000283   Thumb Code     0  startup.o(RESET)
    I2S0_Handler                             0x00000283   Thumb Code     0  startup.o(RESET)
    LPC0_Handler                             0x00000283   Thumb Code     0  startup.o(RESET)
    PECI0_Handler                            0x00000283   Thumb Code     0  startup.o(RESET)
    PWM0Fault_Handler                        0x00000283   Thumb Code     0  startup.o(RESET)
    PWM0Generator0_Handler                   0x00000283   Thumb Code     0  startup.o(RESET)
    PWM0Generator1_Handler                   0x00000283   Thumb Code     0  startup.o(RESET)
    PWM0Generator2_Handler                   0x00000283   Thumb Code     0  startup.o(RESET)
    PWM0Generator3_Handler                   0x00000283   Thumb Code     0  startup.o(RESET)
    PWM1Fault_Handler                        0x00000283   Thumb Code     0  startup.o(RESET)
    PWM1Generator0_Handler                   0x00000283   Thumb Code     0  startup.o(RESET)
    PWM1Generator1_Handler                   0x00000283   Thumb Code     0  startup.o(RESET)
    PWM1Generator2_Handler                   0x00000283   Thumb Code     0  startup.o(RESET)
    PWM1Generator3_Handler                   0x00000283   Thumb Code     0  startup.o(RESET)
    Quadrature0_Handler                      0x00000283   Thumb Code     0  startup.o(RESET)
    Quadrature1_Handler                      0x00000283   Thumb Code     0  startup.o(RESET)
    Quadrature2_Handler                      0x00000283   Thumb Code     0  startup.o(RESET)
    SSI0_Handler                             0x00000283   Thumb Code     0  startup.o(RESET)
    SSI1_Handler                             0x00000283   Thumb Code     0  startup.o(RESET)
    SSI2_Handler                             0x00000283   Thumb Code     0  startup.o(RESET)
    SSI3_Handler                             0x00000283   Thumb Code     0  startup.o(RESET)
    SysCtl_Handler                           0x00000283   Thumb Code     0  startup.o(RESET)
    Timer0A_Handler                          0x00000283   Thumb Code     0  startup.o(RESET)
    Timer0B_Handler                          0x00000283   Thumb Code     0  startup.o(RESET)
    Timer1A_Handler                          0x00000283   Thumb Code     0  startup.o(RESET)
    Timer1B_Handler                          0x00000283   Thumb Code     0  startup.o(RESET)
    Timer2A_Handler                          0x00000283   Thumb Code     0  startup.o(RESET)
    Timer2B_Handler                          0x00000283   Thumb Code     0  startup.o(RESET)
    Timer3A_Handler                          0x00000283   Thumb Code     0  startup.o(RESET)
    Timer3B_Handler                          0x00000283   Thumb Code     0  startup.o(RESET)
    Timer4A_Handler                          0x00000283   Thumb Code     0  startup.o(RESET)
    Timer4B_Handler                          0x00000283   Thumb Code     0  startup.o(RESET)
    Timer5A_Handler                          0x00000283   Thumb Code     0  startup.o(RESET)
    Timer5B_Handler                          0x00000283   Thumb Code     0  startup.o(RESET)
    UART2_Handler                            0x00000283   Thumb Code     0  startup.o(RESET)
    UART3_Handler                            0x00000283   Thumb Code     0  startup.o(RESET)
    UART4_Handler                            0x00000283   Thumb Code     0  startup.o(RESET)
    UART5_Handler                            0x00000283   Thumb Code     0  startup.o(RESET)
    UART6_Handler                            0x00000283   Thumb Code     0  startup.o(RESET)
    UART7_Handler                            0x00000283   Thumb Code     0  startup.o(RESET)
    USB0_Handler                             0x00000283   Thumb Code     0  startup.o(RESET)
    WDT_Handler                              0x00000283   Thumb Code     0  startup.o(RESET)
    WideTimer0A_Handler                      0x00000283   Thumb Code     0  startup.o(RESET)
    WideTimer0B_Handler                      0x00000283   Thumb Code     0  startup.o(RESET)
    WideTimer1A_Handler                      0x00000283   Thumb Code     0  startup.o(RESET)
    WideTimer1B_Handler                      0x00000283   Thumb Code     0  startup.o(RESET)
    WideTimer2A_Handler                      0x00000283   Thumb Code     0  startup.o(RESET)
    WideTimer2B_Handler                      0x00000283   Thumb Code     0  startup.o(RESET)
    WideTimer3A_Handler                      0x00000283   Thumb Code     0  startup.o(RESET)
    WideTimer3B_Handler                      0x00000283   Thumb Code     0  startup.o(RESET)
    WideTimer4A_Handler                      0x00000283   Thumb Code     0  startup.o(RESET)
    WideTimer4B_Handler                      0x00000283   Thumb Code     0  startup.o(RESET)
    WideTimer5A_Handler                      0x00000283   Thumb Code     0  startup.o(RESET)
    WideTimer5B_Handler                      0x00000283   Thumb Code     0  startup.o(RESET)
    uDMA_Error                               0x00000283   Thumb Code     0  startup.o(RESET)
    uDMA_Handler                             0x00000283   Thumb Code     0  startup.o(RESET)
    __main                                   0x00000285   Thumb Code     0  entry.o(.ARM.Collect$$$$00000000)
    _main_stk                                0x00000285   Thumb Code     0  entry2.o(.ARM.Collect$$$$00000001)
    _main_scatterload                        0x00000289   Thumb Code     0  entry5.o(.ARM.Collect$$$$00000004)
    __main_after_scatterload                 0x0000028d   Thumb Code     0  entry5.o(.ARM.Collect$$$$00000004)
    _main_clock                              0x0000028d   Thumb Code     0  entry7b.o(.ARM.Collect$$$$00000008)
    _main_cpp_init                           0x0000028d   Thumb Code     0  entry8b.o(.ARM.Collect$$$$0000000A)
    _main_init                               0x0000028d   Thumb Code     0  entry9a.o(.ARM.Collect$$$$0000000B)
    __rt_final_cpp                           0x00000295   Thumb Code     0  entry10a.o(.ARM.Collect$$$$0000000D)
    __rt_final_exit                          0x00000295   Thumb Code     0  entry11a.o(.ARM.Collect$$$$0000000F)
    DisableInterrupts                        0x00000299   Thumb Code     0  startup.o(.text)
    EnableInterrupts                         0x0000029d   Thumb Code     0  startup.o(.text)
    StartCritical                            0x000002a1   Thumb Code     0  startup.o(.text)
    EndCritical                              0x000002a9   Thumb Code     0  startup.o(.text)
    WaitForInterrupt                         0x000002af   Thumb Code     0  startup.o(.text)
    ctime                                    0x000002b5   Thumb Code    14  ctime.o(.text)
    strstr                                   0x000002c3   Thumb Code    36  strstr.o(.text)
    strlen                                   0x000002e7   Thumb Code    14  strlen.o(.text)
    strcpy                                   0x000002f5   Thumb Code    18  strcpy.o(.text)
    atoi                                     0x00000307   Thumb Code    26  atoi.o(.text)
    __aeabi_i2d                              0x00000321   Thumb Code    34  dflti.o(.text)
    __aeabi_cdcmpeq                          0x00000345   Thumb Code     0  cdcmple.o(.text)
    __aeabi_cdcmple                          0x00000345   Thumb Code    38  cdcmple.o(.text)
    __aeabi_cdrcmple                         0x0000036d   Thumb Code    38  cdrcmple.o(.text)
    __aeabi_uidiv                            0x00000395   Thumb Code     0  uidiv.o(.text)
    __aeabi_uidivmod                         0x00000395   Thumb Code    44  uidiv.o(.text)
    localtime                                0x000003c1   Thumb Code   124  localtime.o(.text)
    asctime                                  0x00000445   Thumb Code   170  asctime.o(.text)
    strtol                                   0x00000501   Thumb Code   112  strtol.o(.text)
    __I$use$fp                               0x00000571   Thumb Code     0  iusefp.o(.text)
    _double_round                            0x00000571   Thumb Code    26  depilogue.o(.text)
    _double_epilogue                         0x0000058b   Thumb Code   164  depilogue.o(.text)
    __scatterload                            0x00000631   Thumb Code    28  init.o(.text)
    __scatterload_rt2                        0x00000631   Thumb Code     0  init.o(.text)
    __aeabi_llsl                             0x00000655   Thumb Code    30  llshl.o(.text)
    _ll_shift_l                              0x00000655   Thumb Code     0  llshl.o(.text)
    __aeabi_llsr                             0x00000673   Thumb Code    32  llushr.o(.text)
    _ll_ushift_r                             0x00000673   Thumb Code     0  llushr.o(.text)
    __rt_ctype_table                         0x00000695   Thumb Code     4  ctype_o.o(.text)
    _strtoul                                 0x0000069d   Thumb Code   158  _strtoul.o(.text)
    _chval                                   0x0000073b   Thumb Code    28  _chval.o(.text)
    Board_Input                              0x00000759   Thumb Code    18  led.o(i.Board_Input)
    DelayMs                                  0x00000771   Thumb Code    32  esp8266.o(i.DelayMs)
    DelayMsSearching                         0x00000791   Thumb Code    42  esp8266.o(i.DelayMsSearching)
    ESP8266FIFOtoBuffer                      0x000007c1   Thumb Code   100  esp8266.o(i.ESP8266FIFOtoBuffer)
    ESP8266SendCommand                       0x0000083d   Thumb Code    26  esp8266.o(i.ESP8266SendCommand)
    ESP8266_CloseTCPConnection               0x00000859   Thumb Code    46  esp8266.o(i.ESP8266_CloseTCPConnection)
    ESP8266_EnableRXInterrupt                0x000008a1   Thumb Code     8  esp8266.o(i.ESP8266_EnableRXInterrupt)
    ESP8266_GetIPAddress                     0x000008ad   Thumb Code    46  esp8266.o(i.ESP8266_GetIPAddress)
    ESP8266_GetStatus                        0x000008f1   Thumb Code    46  esp8266.o(i.ESP8266_GetStatus)
    ESP8266_GetVersionNumber                 0x00000939   Thumb Code    46  esp8266.o(i.ESP8266_GetVersionNumber)
    ESP8266_Init                             0x0000097d   Thumb Code   162  esp8266.o(i.ESP8266_Init)
    ESP8266_InitUART                         0x00000b69   Thumb Code   230  esp8266.o(i.ESP8266_InitUART)
    ESP8266_JoinAccessPoint                  0x00000c79   Thumb Code    62  esp8266.o(i.ESP8266_JoinAccessPoint)
    ESP8266_ListAccessPoints                 0x00000cdd   Thumb Code    46  esp8266.o(i.ESP8266_ListAccessPoints)
    ESP8266_MakeTCPConnection                0x00000d21   Thumb Code    58  esp8266.o(i.ESP8266_MakeTCPConnection)
    ESP8266_PrintChar                        0x00000d85   Thumb Code    18  esp8266.o(i.ESP8266_PrintChar)
    ESP8266_Reset                            0x00000d9d   Thumb Code    84  esp8266.o(i.ESP8266_Reset)
    ESP8266_SendTCP                          0x00000e11   Thumb Code   104  esp8266.o(i.ESP8266_SendTCP)
    ESP8266_SetDataTransmissionMode          0x00000e91   Thumb Code    58  esp8266.o(i.ESP8266_SetDataTransmissionMode)
    ESP8266_SetWifiMode                      0x00000ee9   Thumb Code    66  esp8266.o(i.ESP8266_SetWifiMode)
    Nokia5110_Clear                          0x00000f49   Thumb Code    32  nokia5110.o(i.Nokia5110_Clear)
    Nokia5110_Init                           0x00000f69   Thumb Code   314  nokia5110.o(i.Nokia5110_Init)
    Nokia5110_OutChar                        0x000010d5   Thumb Code    52  nokia5110.o(i.Nokia5110_OutChar)
    Nokia5110_OutString                      0x0000110d   Thumb Code    22  nokia5110.o(i.Nokia5110_OutString)
    Nokia5110_SetCursor                      0x00001123   Thumb Code    46  nokia5110.o(i.Nokia5110_SetCursor)
    Output_Init                              0x00001151   Thumb Code     8  uart.o(i.Output_Init)
    PLL_Init                                 0x00001159   Thumb Code   118  pll.o(i.PLL_Init)
    ParseResponse                            0x000011d5   Thumb Code   466  main.o(i.ParseResponse)
    RxFifo_Init                              0x0000143d   Thumb Code    26  uart.o(i.RxFifo_Init)
    RxFifo_Put                               0x00001461   Thumb Code    48  uart.o(i.RxFifo_Put)
    RxFifo_Size                              0x0000149d   Thumb Code    14  uart.o(i.RxFifo_Size)
    SearchCheck                              0x000014b5   Thumb Code    78  esp8266.o(i.SearchCheck)
    SearchStart                              0x00001519   Thumb Code    30  esp8266.o(i.SearchStart)
    ServerResponseSearchCheck                0x00001549   Thumb Code   180  esp8266.o(i.ServerResponseSearchCheck)
    ServerResponseSearchStart                0x0000161d   Thumb Code    34  esp8266.o(i.ServerResponseSearchStart)
    TxFifo_Get                               0x0000165d   Thumb Code    46  uart.o(i.TxFifo_Get)
    TxFifo_Init                              0x00001699   Thumb Code    26  uart.o(i.TxFifo_Init)
    TxFifo_Put                               0x000016bd   Thumb Code    48  uart.o(i.TxFifo_Put)
    TxFifo_Size                              0x000016f9   Thumb Code    14  uart.o(i.TxFifo_Size)
    UART0_Handler                            0x00001711   Thumb Code    82  uart.o(i.UART0_Handler)
    UART1_Handler                            0x00001769   Thumb Code    44  esp8266.o(i.UART1_Handler)
    UART_Init                                0x00001799   Thumb Code   174  uart.o(i.UART_Init)
    UART_OutChar                             0x00001861   Thumb Code    46  uart.o(i.UART_OutChar)
    UART_OutCharNonBlock                     0x00001895   Thumb Code    46  uart.o(i.UART_OutCharNonBlock)
    __0printf$3                              0x000018c9   Thumb Code    22  printf3.o(i.__0printf$3)
    __1printf$3                              0x000018c9   Thumb Code     0  printf3.o(i.__0printf$3)
    __2printf                                0x000018c9   Thumb Code     0  printf3.o(i.__0printf$3)
    __0sprintf$3                             0x000018e9   Thumb Code    34  printf3.o(i.__0sprintf$3)
    __1sprintf$3                             0x000018e9   Thumb Code     0  printf3.o(i.__0sprintf$3)
    __2sprintf                               0x000018e9   Thumb Code     0  printf3.o(i.__0sprintf$3)
    __aeabi_errno_addr                       0x00001911   Thumb Code     4  errno.o(i.__aeabi_errno_addr)
    __rt_errno_addr                          0x00001911   Thumb Code     0  errno.o(i.__aeabi_errno_addr)
    __scatterload_copy                       0x00001919   Thumb Code    14  handlers.o(i.__scatterload_copy)
    __scatterload_null                       0x00001927   Thumb Code     2  handlers.o(i.__scatterload_null)
    __scatterload_zeroinit                   0x00001929   Thumb Code    14  handlers.o(i.__scatterload_zeroinit)
    deg2dir                                  0x00001b55   Thumb Code   608  main.o(i.deg2dir)
    delay                                    0x00001e31   Thumb Code    22  main.o(i.delay)
    fputc                                    0x00001e47   Thumb Code    16  uart.o(i.fputc)
    lc                                       0x00001e57   Thumb Code    14  esp8266.o(i.lc)
    main                                     0x00001eb1   Thumb Code   398  main.o(i.main)
    __ctype_table                            0x000023a6   Data         129  ctype_o.o(.constdata)
    Region$$Table$$Base                      0x0000242c   Number         0  anon$$obj.o(Region$$Table)
    Region$$Table$$Limit                     0x0000244c   Number         0  anon$$obj.o(Region$$Table)
    WindDirection                            0x20000000   Data           4  main.o(.data)
    Fetch                                    0x20000004   Data         126  main.o(.data)
    curtime                                  0x20000084   Data           4  main.o(.data)
    a                                        0x20000088   Data           4  main.o(.data)
    c                                        0x2000008c   Data           4  main.o(.data)
    RXBufferIndex                            0x20000090   Data           4  esp8266.o(.data)
    LastReturnIndex                          0x20000094   Data           4  esp8266.o(.data)
    CurrentReturnIndex                       0x20000098   Data           4  esp8266.o(.data)
    ServerResponseIndex                      0x2000009c   Data           4  esp8266.o(.data)
    ESP8266_ProcessBuffer                    0x200000a0   Data           1  esp8266.o(.data)
    ESP8266_EchoResponse                     0x200000a1   Data           1  esp8266.o(.data)
    ESP8266_ResponseComplete                 0x200000a2   Data           1  esp8266.o(.data)
    ESP8266_APEnabled                        0x200000a3   Data           1  esp8266.o(.data)
    ESP8266_ClientEnabled                    0x200000a4   Data           1  esp8266.o(.data)
    ESP8266_ServerEnabled                    0x200000a5   Data           1  esp8266.o(.data)
    ESP8266_InputProcessingEnabled           0x200000a6   Data           1  esp8266.o(.data)
    ESP8266_PageRequested                    0x200000a7   Data           1  esp8266.o(.data)
    SearchLooking                            0x200000a8   Data           1  esp8266.o(.data)
    SearchFound                              0x200000a9   Data           1  esp8266.o(.data)
    SearchIndex                              0x200000ac   Data           4  esp8266.o(.data)
    ServerResponseSearchString               0x200000b0   Data          16  esp8266.o(.data)
    ServerResponseSearchFinished             0x200000c0   Data           4  esp8266.o(.data)
    ServerResponseSearchIndex                0x200000c4   Data           4  esp8266.o(.data)
    ServerResponseSearchLooking              0x200000c8   Data           4  esp8266.o(.data)
    ESP8266_ServerPort                       0x200000cc   Data           2  esp8266.o(.data)
    ESP8266_ServerTimeout                    0x200000ce   Data           2  esp8266.o(.data)
    dbg_letter                               0x200000d0   Data           1  esp8266.o(.data)
    RxPutI                                   0x200000d4   Data           4  uart.o(.data)
    RxGetI                                   0x200000d8   Data           4  uart.o(.data)
    TxPutI                                   0x200000dc   Data           4  uart.o(.data)
    TxGetI                                   0x200000e0   Data           4  uart.o(.data)
    __stdout                                 0x200000e4   Data           4  stdout.o(.data)
    City                                     0x200000ec   Data         100  main.o(.bss)
    WindSpeed                                0x20000150   Data         100  main.o(.bss)
    WindDirectionDeg                         0x200001b4   Data         100  main.o(.bss)
    Temperature                              0x20000218   Data         100  main.o(.bss)
    Pressure                                 0x2000027c   Data         100  main.o(.bss)
    Humidity                                 0x200002e0   Data         100  main.o(.bss)
    Description                              0x20000344   Data         100  main.o(.bss)
    Sunrise                                  0x200003a8   Data         100  main.o(.bss)
    Sunset                                   0x2000040c   Data         100  main.o(.bss)
    RXBuffer                                 0x20000470   Data        1024  esp8266.o(.bss)
    TXBuffer                                 0x20000870   Data        1024  esp8266.o(.bss)
    ServerResponseBuffer                     0x20000c70   Data        1024  esp8266.o(.bss)
    SearchString                             0x20001070   Data          32  esp8266.o(.bss)
    __initial_sp                             0x20001cd8   Data           0  startup.o(STACK)



==============================================================================

Memory Map of the image

  Image Entry point : 0x0000026d

  Load Region LR_1 (Base: 0x00000000, Size: 0x00002538, Max: 0xffffffff, ABSOLUTE)

    Execution Region ER_RO (Base: 0x00000000, Size: 0x0000244c, Max: 0xffffffff, ABSOLUTE)

    Base Addr    Size         Type   Attr      Idx    E Section Name        Object

    0x00000000   0x00000284   Code   RO            3  * RESET               startup.o
    0x00000284   0x00000000   Code   RO          592  * .ARM.Collect$$$$00000000  mc_w.l(entry.o)
    0x00000284   0x00000004   Code   RO          876    .ARM.Collect$$$$00000001  mc_w.l(entry2.o)
    0x00000288   0x00000004   Code   RO          879    .ARM.Collect$$$$00000004  mc_w.l(entry5.o)
    0x0000028c   0x00000000   Code   RO          881    .ARM.Collect$$$$00000008  mc_w.l(entry7b.o)
    0x0000028c   0x00000000   Code   RO          883    .ARM.Collect$$$$0000000A  mc_w.l(entry8b.o)
    0x0000028c   0x00000008   Code   RO          884    .ARM.Collect$$$$0000000B  mc_w.l(entry9a.o)
    0x00000294   0x00000000   Code   RO          886    .ARM.Collect$$$$0000000D  mc_w.l(entry10a.o)
    0x00000294   0x00000000   Code   RO          888    .ARM.Collect$$$$0000000F  mc_w.l(entry11a.o)
    0x00000294   0x00000004   Code   RO          877    .ARM.Collect$$$$00002712  mc_w.l(entry2.o)
    0x00000298   0x0000001c   Code   RO            4    .text               startup.o
    0x000002b4   0x0000000e   Code   RO          595    .text               mc_w.l(ctime.o)
    0x000002c2   0x00000024   Code   RO          599    .text               mc_w.l(strstr.o)
    0x000002e6   0x0000000e   Code   RO          601    .text               mc_w.l(strlen.o)
    0x000002f4   0x00000012   Code   RO          603    .text               mc_w.l(strcpy.o)
    0x00000306   0x0000001a   Code   RO          868    .text               mc_w.l(atoi.o)
    0x00000320   0x00000022   Code   RO          870    .text               mf_w.l(dflti.o)
    0x00000342   0x00000002   PAD
    0x00000344   0x00000028   Code   RO          872    .text               mf_w.l(cdcmple.o)
    0x0000036c   0x00000028   Code   RO          874    .text               mf_w.l(cdrcmple.o)
    0x00000394   0x0000002c   Code   RO          891    .text               mc_w.l(uidiv.o)
    0x000003c0   0x00000084   Code   RO          895    .text               mc_w.l(localtime.o)
    0x00000444   0x000000bc   Code   RO          899    .text               mc_w.l(asctime.o)
    0x00000500   0x00000070   Code   RO          910    .text               mc_w.l(strtol.o)
    0x00000570   0x00000000   Code   RO          912    .text               mc_w.l(iusefp.o)
    0x00000570   0x000000be   Code   RO          913    .text               mf_w.l(depilogue.o)
    0x0000062e   0x00000002   PAD
    0x00000630   0x00000024   Code   RO          923    .text               mc_w.l(init.o)
    0x00000654   0x0000001e   Code   RO          925    .text               mc_w.l(llshl.o)
    0x00000672   0x00000020   Code   RO          927    .text               mc_w.l(llushr.o)
    0x00000692   0x00000002   PAD
    0x00000694   0x00000008   Code   RO          931    .text               mc_w.l(ctype_o.o)
    0x0000069c   0x0000009e   Code   RO          959    .text               mc_w.l(_strtoul.o)
    0x0000073a   0x0000001c   Code   RO          961    .text               mc_w.l(_chval.o)
    0x00000756   0x00000002   PAD
    0x00000758   0x00000018   Code   RO          477    i.Board_Input       led.o
    0x00000770   0x00000020   Code   RO          104    i.DelayMs           esp8266.o
    0x00000790   0x00000030   Code   RO          105    i.DelayMsSearching  esp8266.o
    0x000007c0   0x0000007c   Code   RO          106    i.ESP8266FIFOtoBuffer  esp8266.o
    0x0000083c   0x0000001a   Code   RO          108    i.ESP8266SendCommand  esp8266.o
    0x00000856   0x00000002   PAD
    0x00000858   0x00000048   Code   RO          109    i.ESP8266_CloseTCPConnection  esp8266.o
    0x000008a0   0x0000000c   Code   RO          113    i.ESP8266_EnableRXInterrupt  esp8266.o
    0x000008ac   0x00000044   Code   RO          115    i.ESP8266_GetIPAddress  esp8266.o
    0x000008f0   0x00000048   Code   RO          116    i.ESP8266_GetStatus  esp8266.o
    0x00000938   0x00000044   Code   RO          117    i.ESP8266_GetVersionNumber  esp8266.o
    0x0000097c   0x000001ec   Code   RO          118    i.ESP8266_Init      esp8266.o
    0x00000b68   0x00000110   Code   RO          119    i.ESP8266_InitUART  esp8266.o
    0x00000c78   0x00000064   Code   RO          120    i.ESP8266_JoinAccessPoint  esp8266.o
    0x00000cdc   0x00000044   Code   RO          121    i.ESP8266_ListAccessPoints  esp8266.o
    0x00000d20   0x00000064   Code   RO          122    i.ESP8266_MakeTCPConnection  esp8266.o
    0x00000d84   0x00000018   Code   RO          123    i.ESP8266_PrintChar  esp8266.o
    0x00000d9c   0x00000074   Code   RO          125    i.ESP8266_Reset     esp8266.o
    0x00000e10   0x00000080   Code   RO          126    i.ESP8266_SendTCP   esp8266.o
    0x00000e90   0x00000058   Code   RO          128    i.ESP8266_SetDataTransmissionMode  esp8266.o
    0x00000ee8   0x00000060   Code   RO          130    i.ESP8266_SetWifiMode  esp8266.o
    0x00000f48   0x00000020   Code   RO          537    i.Nokia5110_Clear   nokia5110.o
    0x00000f68   0x0000016c   Code   RO          539    i.Nokia5110_Init    nokia5110.o
    0x000010d4   0x00000038   Code   RO          540    i.Nokia5110_OutChar  nokia5110.o
    0x0000110c   0x00000016   Code   RO          541    i.Nokia5110_OutString  nokia5110.o
    0x00001122   0x0000002e   Code   RO          543    i.Nokia5110_SetCursor  nokia5110.o
    0x00001150   0x00000008   Code   RO          322    i.Output_Init       uart.o
    0x00001158   0x0000007c   Code   RO           92    i.PLL_Init          pll.o
    0x000011d4   0x00000268   Code   RO           12    i.ParseResponse     main.o
    0x0000143c   0x00000024   Code   RO          324    i.RxFifo_Init       uart.o
    0x00001460   0x0000003c   Code   RO          325    i.RxFifo_Put        uart.o
    0x0000149c   0x00000018   Code   RO          326    i.RxFifo_Size       uart.o
    0x000014b4   0x00000064   Code   RO          132    i.SearchCheck       esp8266.o
    0x00001518   0x00000030   Code   RO          133    i.SearchStart       esp8266.o
    0x00001548   0x000000d4   Code   RO          134    i.ServerResponseSearchCheck  esp8266.o
    0x0000161c   0x00000040   Code   RO          135    i.ServerResponseSearchStart  esp8266.o
    0x0000165c   0x0000003c   Code   RO          327    i.TxFifo_Get        uart.o
    0x00001698   0x00000024   Code   RO          328    i.TxFifo_Init       uart.o
    0x000016bc   0x0000003c   Code   RO          329    i.TxFifo_Put        uart.o
    0x000016f8   0x00000018   Code   RO          330    i.TxFifo_Size       uart.o
    0x00001710   0x00000058   Code   RO          331    i.UART0_Handler     uart.o
    0x00001768   0x00000030   Code   RO          136    i.UART1_Handler     esp8266.o
    0x00001798   0x000000c8   Code   RO          337    i.UART_Init         uart.o
    0x00001860   0x00000034   Code   RO          338    i.UART_OutChar      uart.o
    0x00001894   0x00000034   Code   RO          339    i.UART_OutCharNonBlock  uart.o
    0x000018c8   0x00000020   Code   RO          696    i.__0printf$3       mc_w.l(printf3.o)
    0x000018e8   0x00000028   Code   RO          698    i.__0sprintf$3      mc_w.l(printf3.o)
    0x00001910   0x00000008   Code   RO          903    i.__aeabi_errno_addr  mc_w.l(errno.o)
    0x00001918   0x0000000e   Code   RO          965    i.__scatterload_copy  mc_w.l(handlers.o)
    0x00001926   0x00000002   Code   RO          966    i.__scatterload_null  mc_w.l(handlers.o)
    0x00001928   0x0000000e   Code   RO          967    i.__scatterload_zeroinit  mc_w.l(handlers.o)
    0x00001936   0x00000002   PAD
    0x00001938   0x000001b8   Code   RO          703    i._printf_core      mc_w.l(printf3.o)
    0x00001af0   0x0000000a   Code   RO          705    i._sputc            mc_w.l(printf3.o)
    0x00001afa   0x00000002   PAD
    0x00001afc   0x0000002c   Code   RO          343    i.copyHardwareToSoftware  uart.o
    0x00001b28   0x0000002c   Code   RO          344    i.copySoftwareToHardware  uart.o
    0x00001b54   0x000002dc   Code   RO           13    i.deg2dir           main.o
    0x00001e30   0x00000016   Code   RO           14    i.delay             main.o
    0x00001e46   0x00000010   Code   RO          345    i.fputc             uart.o
    0x00001e56   0x0000000e   Code   RO          137    i.lc                esp8266.o
    0x00001e64   0x0000004c   Code   RO          544    i.lcdwrite          nokia5110.o
    0x00001eb0   0x00000288   Code   RO           15    i.main              main.o
    0x00002138   0x00000049   Data   RO           18    .constdata          main.o
    0x00002181   0x000001e0   Data   RO          545    .constdata          nokia5110.o
    0x00002361   0x0000000c   Data   RO          897    .constdata          mc_w.l(localtime.o)
    0x0000236d   0x00000039   Data   RO          901    .constdata          mc_w.l(asctime.o)
    0x000023a6   0x00000081   Data   RO          932    .constdata          mc_w.l(ctype_o.o)
    0x00002427   0x00000001   PAD
    0x00002428   0x00000004   Data   RO          933    .constdata          mc_w.l(ctype_o.o)
    0x0000242c   0x00000020   Data   RO          963    Region$$Table       anon$$obj.o


    Execution Region ER_RW (Base: 0x20000000, Size: 0x000000ec, Max: 0xffffffff, ABSOLUTE)

    Base Addr    Size         Type   Attr      Idx    E Section Name        Object

    0x20000000   0x00000090   Data   RW           19    .data               main.o
    0x20000090   0x00000041   Data   RW          140    .data               esp8266.o
    0x200000d1   0x00000003   PAD
    0x200000d4   0x00000010   Data   RW          347    .data               uart.o
    0x200000e4   0x00000004   Data   RW          890    .data               mc_w.l(stdout.o)
    0x200000e8   0x00000004   Data   RW          906    .data               mc_w.l(errno.o)


    Execution Region ER_ZI (Base: 0x200000ec, Size: 0x00001bec, Max: 0xffffffff, ABSOLUTE)

    Base Addr    Size         Type   Attr      Idx    E Section Name        Object

    0x200000ec   0x00000384   Zero   RW           17    .bss                main.o
    0x20000470   0x00000c20   Zero   RW          138    .bss                esp8266.o
    0x20001090   0x00000800   Zero   RW          346    .bss                uart.o
    0x20001890   0x0000002c   Zero   RW          896    .bss                mc_w.l(localtime.o)
    0x200018bc   0x0000001a   Zero   RW          900    .bss                mc_w.l(asctime.o)
    0x200018d6   0x00000002   PAD
    0x200018d8   0x00000400   Zero   RW            1    STACK               startup.o


==============================================================================

Image component sizes


      Code (inc. data)   RO Data    RW Data    ZI Data      Debug   Object Name

      2492        832          0         65       3104      15160   esp8266.o
        24          6          0          0          0        386   led.o
      2018        524         73        144        900      10236   main.o
       596         64        480          0          0       4195   nokia5110.o
       124          6          0          0          0        435   pll.o
       672        622          0          0       1024        908   startup.o
       804        132          0         16       2048       7749   uart.o

    ----------------------------------------------------------------------
      6732       2186        585        228       7076      39069   Object Totals
         0          0         32          0          0          0   (incl. Generated)
         2          0          0          3          0          0   (incl. Padding)

    ----------------------------------------------------------------------

      Code (inc. data)   RO Data    RW Data    ZI Data      Debug   Library Member Name

        28          0          0          0          0         68   _chval.o
       158          0          0          0          0         92   _strtoul.o
       188         18         57          0         26         88   asctime.o
        26          0          0          0          0         80   atoi.o
        14          0          0          0          0         80   ctime.o
         8          4        133          0          0         68   ctype_o.o
         0          0          0          0          0          0   entry.o
         0          0          0          0          0          0   entry10a.o
         0          0          0          0          0          0   entry11a.o
         8          4          0          0          0          0   entry2.o
         4          0          0          0          0          0   entry5.o
         0          0          0          0          0          0   entry7b.o
         0          0          0          0          0          0   entry8b.o
         8          4          0          0          0          0   entry9a.o
         8          4          0          4          0         68   errno.o
        30          0          0          0          0          0   handlers.o
        36          8          0          0          0         68   init.o
         0          0          0          0          0          0   iusefp.o
        30          0          0          0          0         68   llshl.o
        32          0          0          0          0         68   llushr.o
       132          8         12          0         44         76   localtime.o
       522         20          0          0          0        332   printf3.o
         0          0          0          4          0          0   stdout.o
        18          0          0          0          0         68   strcpy.o
        14          0          0          0          0         68   strlen.o
        36          0          0          0          0         80   strstr.o
       112          0          0          0          0         88   strtol.o
        44          0          0          0          0         80   uidiv.o
        40          2          0          0          0         68   cdcmple.o
        40          2          0          0          0         68   cdrcmple.o
       190          0          0          0          0        176   depilogue.o
        34          0          0          0          0         76   dflti.o

    ----------------------------------------------------------------------
      1772         74        203          8         72       1928   Library Totals
        12          0          1          0          2          0   (incl. Padding)

    ----------------------------------------------------------------------

      Code (inc. data)   RO Data    RW Data    ZI Data      Debug   Library Name

      1456         70        202          8         70       1540   mc_w.l
       304          4          0          0          0        388   mf_w.l

    ----------------------------------------------------------------------
      1772         74        203          8         72       1928   Library Totals

    ----------------------------------------------------------------------

==============================================================================


      Code (inc. data)   RO Data    RW Data    ZI Data      Debug   

      8504       2260        788        236       7148      37357   Grand Totals
      8504       2260        788        236       7148      37357   ELF Image Totals
      8504       2260        788        236          0          0   ROM Totals

==============================================================================

    Total RO  Size (Code + RO Data)                 9292 (   9.07kB)
    Total RW  Size (RW Data + ZI Data)              7384 (   7.21kB)
    Total ROM Size (Code + RO Data + RW Data)       9528 (   9.30kB)

==============================================================================

