<html>
<body>
<pre>
<h1>µVision Build Log</h1>
<h2>Project:</h2>
C:\Users\kasutaja\Desktop\Ülikool 2. 0\BESLabs\Labware\Lab16_getWeather\getWeather.uvproj
Project File Date:  12/12/2017

<h2>Output:</h2>
Build target 'esp8266'
compiling main.c...
compiling esp8266.c...
compiling Nokia5110.c...
linking...
Program Size: Code=8504 RO-data=788 RW-data=236 ZI-data=7148  
".\esp8266.axf" - 0 Error(s), 0 Warning(s).
</pre>
</body>
</html>
on is incompatible with "time_t time(time_t *)" (declared at line 140 of "C:\Keil\ARM\ARMCC\bin\..\include\time.h")
  time(&curtime);
main.c: 0 warnings, 3 errors
compiling pll.c...
compiling esp8266.c...
compiling UART.c...
compiling LED.c...
compiling Nokia5110.c...
".\esp8266.axf" - 3 Error(s), 0 Warning(s).
Target not created
