<html>
<body>
<pre>
<h1>µVision Build Log</h1>
<h2>Project:</h2>
C:\Users\kasutaja\Desktop\Ülikool 2. 0\Labware\Lab6_BranchingFunctionsDelays\Lab6.uvproj
Project File Date:  10/04/2017

<h2>Output:</h2>
Build target 'Lab6'
compiling BranchingFunctionsDelays.c...
BranchingFunctionsDelays.c(77): warning:  #1-D: last line of file ends without a newline
  } 
BranchingFunctionsDelays.c: 1 warning, 0 errors
linking...
Program Size: Code=3680 RO-data=5996 RW-data=56 ZI-data=1752  
".\Lab6.axf" - 0 Error(s), 1 Warning(s).
</pre>
</body>
</html>
g:  #1-D: last line of file ends without a newline
  } 
BranchingFunctionsDelays.c: 1 warning, 2 errors
".\Lab6.axf" - 2 Error(s), 1 Warning(s).
Target not created
ranchingFunctionsDelays.c(66): warning:  #1-D: last line of file ends without a newline
  } 
BranchingFunctionsDelays.c: 1 warning, 4 errors
".\Lab6.axf" - 4 Error(s), 1 Warning(s).
Target not created
Error: Could not load file 'C:\Users\kasutaja\Desktop\Ülikool 2. 0\Labware\Lab6_BranchingFunctionsDelays\Lab6.axf'. Debugger aborted !
