<html>
<body>
<pre>
<h1>µVision Build Log</h1>
<h2>Project:</h2>
C:\Users\kasutaja\Desktop\Ülikool 2. 0\BESLabs\Labware\Lab13_DAC\Lab13.uvproj
Project File Date:  12/07/2017

<h2>Output:</h2>
Build target 'Lab13'
compiling Lab13.c...
Lab13.c(25): warning:  #177-D: variable "i" was declared but never referenced
        unsigned long i,input,previous,n; 
Lab13.c(25): warning:  #177-D: variable "n" was declared but never referenced
        unsigned long i,input,previous,n; 
Lab13.c: 2 warnings, 0 errors
compiling Sound.c...
compiling DAC.c...
compiling Piano.c...
linking...
Program Size: Code=6244 RO-data=9608 RW-data=80 ZI-data=1816  
".\Lab13.axf" - 0 Error(s), 2 Warning(s).
</pre>
</body>
</html>
