<html>
<body>
<pre>
<h1>µVision Build Log</h1>
<h2>Project:</h2>
C:\Users\kasutaja\Desktop\Ülikool 2. 0\Labware\Lab8_SwitchLEDinterface\Lab8.uvproj
Project File Date:  09/21/2017

<h2>Output:</h2>
Build target 'Lab8'
compiling SwitchLEDInterface.c...
SwitchLEDInterface.c(68): warning:  #1-D: last line of file ends without a newline
  }
SwitchLEDInterface.c: 1 warning, 0 errors
linking...
Program Size: Code=4084 RO-data=6628 RW-data=56 ZI-data=1752  
".\Lab8.axf" - 0 Error(s), 1 Warning(s).
</pre>
</body>
</html>
ning:  #47-D: incompatible redefinition of macro "GPIO_PORTE_DIR_R" (declared at line 671 of "..\tm4c123gh6pm.h")
  #define GPIO_PORTE_DIR_R        (*((volatile unsigned long *)0x40025400))
SwitchLEDInterface.c(18): warning:  #47-D: incompatible redefinition of macro "GPIO_PORTE_AFSEL_R" (declared at line 679 of "..\tm4c123gh6pm.h")
  #define GPIO_PORTE_AFSEL_R      (*((volatile unsigned long *)0x40025420))
SwitchLEDInterface.c(19): warning:  #47-D: incompatible redefinition of macro "GPIO_PORTE_PUR_R" (declared at line 684 of "..\tm4c123gh6pm.h")
  #define GPIO_PORTE_PUR_R        (*((volatile unsigned long *)0x40025510))
SwitchLEDInterface.c(20): warning:  #47-D: incompatible redefinition of macro "GPIO_PORTE_DEN_R" (declared at line 687 of "..\tm4c123gh6pm.h")
  #define GPIO_PORTE_DEN_R        (*((volatile unsigned long *)0x4002551C))
SwitchLEDInterface.c(21): warning:  #47-D: incompatible redefinition of macro "GPIO_PORTE_LOCK_R" (declared at line 688 of "..\tm4c123gh6pm.h")
  #define GPIO_PORTE_LOCK_R       (*((volatile unsigned long *)0x40025520))
SwitchLEDInterface.c(22): warning:  #47-D: incompatible redefinition of macro "GPIO_PORTE_CR_R" (declared at line 689 of "..\tm4c123gh6pm.h")
  #define GPIO_PORTE_CR_R         (*((volatile unsigned long *)0x40025524))
SwitchLEDInterface.c(23): warning:  #47-D: incompatible redefinition of macro "GPIO_PORTE_AMSEL_R" (declared at line 690 of "..\tm4c123gh6pm.h")
  #define GPIO_PORTE_AMSEL_R      (*((volatile unsigned long *)0x40025528))
SwitchLEDInterface.c(24): warning:  #47-D: incompatible redefinition of macro "GPIO_PORTE_PCTL_R" (declared at line 691 of "..\tm4c123gh6pm.h")
  #define GPIO_PORTE_PCTL_R       (*((volatile unsigned long *)0x4002552C))
SwitchLEDInterface.c(63): warning:  #1-D: last line of file ends without a newline
  }
SwitchLEDInterface.c: 10 warnings, 0 errors
linking...
Program Size: Code=3880 RO-data=6628 RW-data=56 ZI-data=1752  
".\Lab8.axf" - 0 Error(s), 10 Warning(s).
